
Allocating common symbols
Common symbol       size              file

netbufpool          0x4               binaries/net.o
readylist           0x2               binaries/ready.o
rfltab              0x5a0             binaries/rflinit.o
netportseed         0x8               binaries/net.o
sleepq              0x2               binaries/clkinit.o
nnames              0x4               binaries/naminit.o
udptab              0x168             binaries/udp.o
minheap             0x4               binaries/meminit.o
marks               0x50              binaries/mark.o
currpid             0x4               binaries/initialize.o
Lf_data             0x20c             binaries/lfsinit.o
porttab             0x2d0             binaries/ptinit.o
girmask             0x2               binaries/evec.o
ttytab              0x110             binaries/ttyinit.o
proctab             0x15e0            binaries/initialize.o
prcount             0x4               binaries/initialize.o
lfltab              0xf00             binaries/lflinit.o
rdstab              0x8c              binaries/rdsinit.o
ethertab            0x138             binaries/ethinit.o
NetData             0xb0              binaries/net.o
nmarks              0x4               binaries/mark.o
Defer               0x8               binaries/resched.o
semtab              0x4b0             binaries/initialize.o
maxheap             0x4               binaries/meminit.o
preempt             0x4               binaries/clkinit.o
buftab              0xf0              binaries/bufinit.o
Rf_data             0x18              binaries/rfsinit.o
mkmutex             0x4               binaries/mark.o
clktime             0x4               binaries/clkinit.o
arpcache            0x140             binaries/arp.o
icmptab             0x230             binaries/icmp.o
nbpools             0x4               binaries/bufinit.o
queuetab            0x980             binaries/queue.o
ptnextid            0x4               binaries/ptinit.o
Ram                 0x19000           binaries/raminit.o
ipoqueue            0x2c              binaries/ip.o
memlist             0x8               binaries/initialize.o
nametab             0x19a0            binaries/naminit.o
ptfree              0x4               binaries/ptinit.o

Memory Configuration

Name             Origin             Length             Attributes
*default*        0x0000000000000000 0xffffffffffffffff

Linker script and memory map

                0x0000000000100000                physbase = 0x100000
                0x0000000000100000                . = physbase
                0x0000000000100000                . = ALIGN (0x1000)

.text           0x0000000000100000    0x1a000
                0x0000000000100000                text = ABSOLUTE (.)
 *(.text .text.*)
 .text          0x0000000000100000      0x1b4 binaries/start.o
                0x0000000000100024                start
                0x00000000001000f6                inb
                0x00000000001000fe                inw
                0x0000000000100107                inl
                0x000000000010010f                outb
                0x0000000000100119                outw
                0x0000000000100124                outl
                0x000000000010012e                _rtcin
                0x0000000000100139                ___udivsi3
                0x0000000000100144                ___divsi3
                0x0000000000100150                sbzero
                0x0000000000100160                insw
                0x0000000000100176                outsw
                0x000000000010018c                bcopy
                0x00000000001001a0                lidt
                0x00000000001001a8                cpuid
 .text          0x00000000001001b4      0x405 binaries/ascdate.o
                0x00000000001001b4                ascdate
 .text          0x00000000001005b9       0x14 binaries/bufinit.o
                0x00000000001005b9                bufinit
 .text          0x00000000001005cd       0x8d binaries/chprio.o
                0x00000000001005cd                chprio
 .text          0x000000000010065a       0x96 binaries/clkhandler.o
                0x000000000010065a                clkhandler
 .text          0x00000000001006f0       0x89 binaries/clkinit.o
                0x00000000001006f0                clkinit
 .text          0x0000000000100779       0x6a binaries/close.o
                0x0000000000100779                close
 .text          0x00000000001007e3        0x0 binaries/conf.o
 .text          0x00000000001007e3       0x7f binaries/control.o
                0x00000000001007e3                control
 .text          0x0000000000100862      0x2b4 binaries/create.o
                0x0000000000100862                create
 .text          0x0000000000100b16      0x35f binaries/early_imr.o
                0x0000000000100b16                intel_cln_early_sb_read_reg
                0x0000000000100b9a                intel_cln_early_sb_write_reg
                0x0000000000100db2                remove_irm_protections
 .text          0x0000000000100e75      0x479 binaries/evec.o
                0x0000000000100e75                initevec
                0x0000000000100f93                set_evec
                0x0000000000101035                setirmask
                0x000000000010108f                trap
 .text          0x00000000001012ee       0x15 binaries/exit.o
                0x00000000001012ee                exit
 .text          0x0000000000101303       0x82 binaries/freebuf.o
                0x0000000000101303                freebuf
 .text          0x0000000000101385      0x167 binaries/freemem.o
                0x0000000000101385                freemem
 .text          0x00000000001014ec       0x80 binaries/getbuf.o
                0x00000000001014ec                getbuf
 .text          0x000000000010156c       0x6a binaries/getc.o
                0x000000000010156c                getc
 .text          0x00000000001015d6       0x72 binaries/getdev.o
                0x00000000001015d6                getdev
 .text          0x0000000000101648       0xc8 binaries/getitem.o
                0x0000000000101648                getfirst
                0x0000000000101689                getlast
                0x00000000001016cc                getitem
 .text          0x0000000000101710       0xfb binaries/getmem.o
                0x0000000000101710                getmem
 .text          0x000000000010180b        0xa binaries/getpid.o
                0x000000000010180b                getpid
 .text          0x0000000000101815       0x75 binaries/getprio.o
                0x0000000000101815                getprio
 .text          0x000000000010188a       0xf2 binaries/getstk.o
                0x000000000010188a                getstk
 .text          0x000000000010197c       0x16 binaries/getticks.o
                0x000000000010197c                getticks
 .text          0x0000000000101992       0x36 binaries/gettime.o
                0x0000000000101992                gettime
 .text          0x00000000001019c8      0x1f9 binaries/getutime.o
                0x00000000001019c8                getutime
 .text          0x0000000000101bc1       0x6a binaries/init.o
                0x0000000000101bc1                init
 .text          0x0000000000101c2b      0x360 binaries/initialize.o
                0x0000000000101c2b                nulluser
                0x0000000000101f36                stop
                0x0000000000101f5d                delay
 .text          0x0000000000101f8b       0xdd binaries/insert.o
                0x0000000000101f8b                insert
 .text          0x0000000000102068      0x10f binaries/insertd.o
                0x0000000000102068                insertd
 .text          0x0000000000102177        0xa binaries/ioerr.o
                0x0000000000102177                ioerr
 .text          0x0000000000102181        0xa binaries/ionull.o
                0x0000000000102181                ionull
 .text          0x000000000010218b      0x188 binaries/kill.o
                0x000000000010218b                kill
 .text          0x0000000000102313      0x12f binaries/kprintf.o
                0x0000000000102313                kputc
                0x0000000000102398                kgetc
                0x0000000000102415                kprintf
 .text          0x0000000000102442        0xa binaries/main.o
                0x0000000000102442                main
 .text          0x000000000010244c       0xac binaries/mark.o
                0x000000000010244c                markinit
                0x000000000010246f                mark
 .text          0x00000000001024f8      0x2ca binaries/meminit.o
                0x00000000001024f8                meminit
                0x000000000010271a                setsegs
 .text          0x00000000001027c2      0x15f binaries/mkbufpool.o
                0x00000000001027c2                mkbufpool
 .text          0x0000000000102921       0x94 binaries/newqueue.o
                0x0000000000102921                newqueue
 .text          0x00000000001029b5       0x78 binaries/open.o
                0x00000000001029b5                open
 .text          0x0000000000102a2d       0x20 binaries/panic.o
                0x0000000000102a2d                panic
 .text          0x0000000000102a4d      0x48b binaries/pci.o
                0x0000000000102a4d                pci_init
                0x0000000000102ad7                find_pci_device
                0x0000000000102bd6                pci_read_config_byte
                0x0000000000102c42                pci_read_config_word
                0x0000000000102cb0                pci_read_config_dword
                0x0000000000102d1c                pci_write_config_byte
                0x0000000000102d8c                pci_write_config_word
                0x0000000000102dfe                pci_write_config_dword
                0x0000000000102e68                pci_get_dev_mmio_base_addr
 .text          0x0000000000102ed8       0xdd binaries/platinit.o
                0x0000000000102ed8                cpu_is_quark
                0x0000000000102ef5                console_init
                0x0000000000102f48                platinit
 .text          0x0000000000102fb5       0xe6 binaries/ptclear.o
                0x0000000000102fb5                _ptclear
 .text          0x000000000010309b       0x8f binaries/ptcount.o
                0x000000000010309b                ptcount
 .text          0x000000000010312a      0x105 binaries/ptcreate.o
                0x000000000010312a                ptcreate
 .text          0x000000000010322f       0x80 binaries/ptdelete.o
                0x000000000010322f                ptdelete
 .text          0x00000000001032af       0xb7 binaries/ptinit.o
                0x00000000001032af                ptinit
 .text          0x0000000000103366      0x10a binaries/ptrecv.o
                0x0000000000103366                ptrecv
 .text          0x0000000000103470       0x78 binaries/ptreset.o
                0x0000000000103470                ptreset
 .text          0x00000000001034e8      0x128 binaries/ptsend.o
                0x00000000001034e8                ptsend
 .text          0x0000000000103610       0x78 binaries/putc.o
                0x0000000000103610                putc
 .text          0x0000000000103688       0xdf binaries/quark_irq.o
                0x0000000000103688                quark_irq_routing
 .text          0x0000000000103767      0x206 binaries/quark_pdat.o
                0x0000000000103767                get_quark_pdat_entry_data_by_id
                0x0000000000103863                get_quark_pdat_entry_data_by_desc
 .text          0x000000000010396d      0x10c binaries/queue.o
                0x000000000010396d                enqueue
                0x0000000000103a10                dequeue
 .text          0x0000000000103a79       0x78 binaries/read.o
                0x0000000000103a79                read
 .text          0x0000000000103af1       0x81 binaries/ready.o
                0x0000000000103af1                ready
 .text          0x0000000000103b72       0x5f binaries/receive.o
                0x0000000000103b72                receive
 .text          0x0000000000103bd1       0x5b binaries/recvclr.o
                0x0000000000103bd1                recvclr
 .text          0x0000000000103c2c       0xba binaries/recvtime.o
                0x0000000000103c2c                recvtime
 .text          0x0000000000103ce6      0x169 binaries/resched.o
                0x0000000000103ce6                resched
                0x0000000000103dda                resched_cntl
 .text          0x0000000000103e4f       0xa4 binaries/resume.o
                0x0000000000103e4f                resume
 .text          0x0000000000103ef3       0x71 binaries/seek.o
                0x0000000000103ef3                seek
 .text          0x0000000000103f64       0x69 binaries/semcount.o
                0x0000000000103f64                semcount
 .text          0x0000000000103fcd       0xcf binaries/semcreate.o
                0x0000000000103fcd                semcreate
 .text          0x000000000010409c       0xba binaries/semdelete.o
                0x000000000010409c                semdelete
 .text          0x0000000000104156       0xbc binaries/semreset.o
                0x0000000000104156                semreset
 .text          0x0000000000104212       0xda binaries/send.o
                0x0000000000104212                send
 .text          0x00000000001042ec       0x97 binaries/signal.o
                0x00000000001042ec                signal
 .text          0x0000000000104383       0xc3 binaries/signaln.o
                0x0000000000104383                signaln
 .text          0x0000000000104446       0xe5 binaries/sleep.o
                0x0000000000104446                sleep
                0x0000000000104490                sleepms
 .text          0x000000000010452b      0x1c3 binaries/stacktrace.o
                0x000000000010452b                stacktrace
 .text          0x00000000001046ee       0xda binaries/suspend.o
                0x00000000001046ee                suspend
 .text          0x00000000001047c8       0xdc binaries/unsleep.o
                0x00000000001047c8                unsleep
 .text          0x00000000001048a4       0x15 binaries/userret.o
                0x00000000001048a4                userret
 .text          0x00000000001048b9       0xd3 binaries/wait.o
                0x00000000001048b9                wait
 .text          0x000000000010498c       0x68 binaries/wakeup.o
                0x000000000010498c                wakeup
 .text          0x00000000001049f4       0x78 binaries/write.o
                0x00000000001049f4                write
 .text          0x0000000000104a6c       0x19 binaries/xdone.o
                0x0000000000104a6c                xdone
 .text          0x0000000000104a85       0x25 binaries/yield.o
                0x0000000000104a85                yield
 .text          0x0000000000104aaa       0x11 binaries/abs.o
                0x0000000000104aaa                abs
 .text          0x0000000000104abb       0x8f binaries/atoi.o
                0x0000000000104abb                atoi
 .text          0x0000000000104b4a       0x8f binaries/atol.o
                0x0000000000104b4a                atol
 .text          0x0000000000104bd9       0x31 binaries/bzero.o
                0x0000000000104bd9                bzero
 .text          0x0000000000104c0a        0x0 binaries/ctype_.o
 .text          0x0000000000104c0a      0x8f8 binaries/doprnt.o
                0x0000000000104c0a                _doprnt
 .text          0x0000000000105502      0x6a2 binaries/doscan.o
                0x0000000000105502                _doscan
 .text          0x0000000000105ba4      0x723 binaries/fdoprnt.o
                0x0000000000105ba4                _fdoprnt
 .text          0x00000000001062c7       0x26 binaries/fgetc.o
                0x00000000001062c7                fgetc
 .text          0x00000000001062ed       0x72 binaries/fgets.o
                0x00000000001062ed                fgets
 .text          0x000000000010635f       0x34 binaries/fprintf.o
                0x000000000010635f                fprintf
 .text          0x0000000000106393       0x2c binaries/fputc.o
                0x0000000000106393                fputc
 .text          0x00000000001063bf       0x43 binaries/fputs.o
                0x00000000001063bf                fputs
 .text          0x0000000000106402       0x92 binaries/fscanf.o
                0x0000000000106402                fscanf
 .text          0x0000000000106494       0x2c binaries/getchar.o
                0x0000000000106494                getchar
 .text          0x00000000001064c0       0x11 binaries/labs.o
                0x00000000001064c0                labs
 .text          0x00000000001064d1        0x0 binaries/memchr.o
 .text          0x00000000001064d1       0x51 binaries/memcmp.o
                0x00000000001064d1                memcmp
 .text          0x0000000000106522       0x3f binaries/memcpy.o
                0x0000000000106522                memcpy
 .text          0x0000000000106561       0x30 binaries/memset.o
                0x0000000000106561                memset
 .text          0x0000000000106591       0x4f binaries/printf.o
                0x0000000000106591                printf
 .text          0x00000000001065e0       0x33 binaries/putchar.o
                0x00000000001065e0                putchar
 .text          0x0000000000106613      0x28c binaries/qsort.o
                0x0000000000106613                qsort
 .text          0x000000000010689f       0x5f binaries/rand.o
                0x000000000010689f                rand
                0x00000000001068b3                rand_r
                0x00000000001068f1                srand
 .text          0x00000000001068fe       0x6f binaries/sprintf.o
                0x00000000001068fe                sprintf
 .text          0x000000000010696d       0x7f binaries/sscanf.o
                0x000000000010696d                sscanf
 .text          0x00000000001069ec       0x3c binaries/strchr.o
                0x00000000001069ec                strchr
 .text          0x0000000000106a28       0x45 binaries/strcmp.o
                0x0000000000106a28                strcmp
 .text          0x0000000000106a6d       0x27 binaries/strcpy.o
                0x0000000000106a6d                strcpy
 .text          0x0000000000106a94       0x26 binaries/strlen.o
                0x0000000000106a94                strlen
 .text          0x0000000000106aba       0x56 binaries/strncat.o
                0x0000000000106aba                strncat
 .text          0x0000000000106b10       0x5e binaries/strncmp.o
                0x0000000000106b10                strncmp
 .text          0x0000000000106b6e       0x4f binaries/strncpy.o
                0x0000000000106b6e                strncpy
 .text          0x0000000000106bbd       0x2e binaries/strnlen.o
                0x0000000000106bbd                strnlen
 .text          0x0000000000106beb       0x45 binaries/strrchr.o
                0x0000000000106beb                strrchr
 .text          0x0000000000106c30       0x6d binaries/strstr.o
                0x0000000000106c30                strstr
 .text          0x0000000000106c9d       0xd8 binaries/ttycontrol.o
                0x0000000000106c9d                ttycontrol
 .text          0x0000000000106d75       0x93 binaries/ttygetc.o
                0x0000000000106d75                ttygetc
 .text          0x0000000000106e08      0x741 binaries/ttyhandle_in.o
                0x0000000000106e08                ttyhandle_in
 .text          0x0000000000107549      0x17b binaries/ttyhandle_out.o
                0x0000000000107549                ttyhandle_out
 .text          0x00000000001076c4       0xb6 binaries/ttyhandler.o
                0x00000000001076c4                ttyhandler
 .text          0x000000000010777a      0x1e7 binaries/ttyinit.o
                0x000000000010777a                ttyinit
 .text          0x0000000000107961       0x10 binaries/ttykickout.o
                0x0000000000107961                ttykickout
 .text          0x0000000000107971       0xb2 binaries/ttyputc.o
                0x0000000000107971                ttyputc
 .text          0x0000000000107a23      0x10f binaries/ttyread.o
                0x0000000000107a23                ttyread
 .text          0x0000000000107b32       0x4f binaries/ttywrite.o
                0x0000000000107b32                ttywrite
 .text          0x0000000000107b81      0x149 binaries/mount.o
                0x0000000000107b81                mount
                0x0000000000107c94                namlen
 .text          0x0000000000107cca      0x20d binaries/naminit.o
                0x0000000000107cca                naminit
 .text          0x0000000000107ed7      0x216 binaries/nammap.o
                0x0000000000107ed7                nammap
                0x0000000000107f68                namrepl
                0x000000000010809d                namcpy
 .text          0x00000000001080ed       0x55 binaries/namopen.o
                0x00000000001080ed                namopen
 .text          0x0000000000108142       0x95 binaries/ethcontrol.o
                0x0000000000108142                ethcontrol
 .text          0x00000000001081d7      0x181 binaries/ethhandler.o
                0x00000000001081d7                ethhandler
 .text          0x0000000000108358      0x74d binaries/ethinit.o
                0x0000000000108358                eth_phy_read
                0x00000000001083c2                eth_phy_write
                0x0000000000108436                eth_phy_reset
                0x000000000010859e                ethinit
 .text          0x0000000000108aa5      0x199 binaries/ethmcast.o
                0x0000000000108aa5                ethmcast_add
                0x0000000000108b27                ethmcast_remove
 .text          0x0000000000108c3e      0x199 binaries/ethread.o
                0x0000000000108c3e                ethread
 .text          0x0000000000108dd7       0xef binaries/ethwrite.o
                0x0000000000108dd7                ethwrite
 .text          0x0000000000108ec6       0x96 binaries/rdsbufalloc.o
                0x0000000000108ec6                rdsbufalloc
 .text          0x0000000000108f5c       0xcc binaries/rdsclose.o
                0x0000000000108f5c                rdsclose
 .text          0x0000000000109028      0x2ed binaries/rdscomm.o
                0x0000000000109028                rdscomm
 .text          0x0000000000109315      0x237 binaries/rdscontrol.o
                0x0000000000109315                rdscontrol
 .text          0x000000000010954c      0x1ea binaries/rdsinit.o
                0x000000000010954c                rdsinit
 .text          0x0000000000109736      0x1af binaries/rdsopen.o
                0x0000000000109736                rdsopen
 .text          0x00000000001098e5      0x46d binaries/rdsprocess.o
                0x00000000001098e5                rdsprocess
 .text          0x0000000000109d52      0x255 binaries/rdsread.o
                0x0000000000109d52                rdsread
 .text          0x0000000000109fa7      0x1ee binaries/rdswrite.o
                0x0000000000109fa7                rdswrite
 .text          0x000000000010a195        0xa binaries/ramclose.o
                0x000000000010a195                ramclose
 .text          0x000000000010a19f       0x45 binaries/raminit.o
                0x000000000010a19f                raminit
 .text          0x000000000010a1e4        0xa binaries/ramopen.o
                0x000000000010a1e4                ramopen
 .text          0x000000000010a1ee       0x35 binaries/ramread.o
                0x000000000010a1ee                ramread
 .text          0x000000000010a223       0x36 binaries/ramwrite.o
                0x000000000010a223                ramwrite
 .text          0x000000000010a259       0x9e binaries/lfdballoc.o
                0x000000000010a259                lfdballoc
 .text          0x000000000010a2f7       0x62 binaries/lfdbfree.o
                0x000000000010a2f7                lfdbfree
 .text          0x000000000010a359       0xbf binaries/lfflush.o
                0x000000000010a359                lfflush
 .text          0x000000000010a418       0xd8 binaries/lfgetmode.o
                0x000000000010a418                lfgetmode
 .text          0x000000000010a4f0       0x6c binaries/lfiballoc.o
                0x000000000010a4f0                lfiballoc
 .text          0x000000000010a55c       0x3b binaries/lfibclear.o
                0x000000000010a55c                lfibclear
 .text          0x000000000010a597       0xae binaries/lfibget.o
                0x000000000010a597                lfibget
 .text          0x000000000010a645       0xe0 binaries/lfibput.o
                0x000000000010a645                lfibput
 .text          0x000000000010a725       0x93 binaries/lflclose.o
                0x000000000010a725                lflclose
 .text          0x000000000010a7b8       0xb5 binaries/lflcontrol.o
                0x000000000010a7b8                lflcontrol
 .text          0x000000000010a86d       0xdf binaries/lflgetc.o
                0x000000000010a86d                lflgetc
 .text          0x000000000010a94c       0xfb binaries/lflinit.o
                0x000000000010a94c                lflinit
 .text          0x000000000010aa47      0x10f binaries/lflputc.o
                0x000000000010aa47                lflputc
 .text          0x000000000010ab56       0x6d binaries/lflread.o
                0x000000000010ab56                lflread
 .text          0x000000000010abc3       0x9c binaries/lflseek.o
                0x000000000010abc3                lflseek
 .text          0x000000000010ac5f       0x55 binaries/lflwrite.o
                0x000000000010ac5f                lflwrite
 .text          0x000000000010acb4       0x62 binaries/lfscheck.o
                0x000000000010acb4                lfscheck
 .text          0x000000000010ad16      0x176 binaries/lfsckfmt.o
                0x000000000010ad16                lfsckfmt
 .text          0x000000000010ae8c      0x1ce binaries/lfscreate.o
                0x000000000010ae8c                lfscreate
 .text          0x000000000010b05a      0x282 binaries/lfsetup.o
                0x000000000010b05a                lfsetup
 .text          0x000000000010b2dc       0x55 binaries/lfsinit.o
                0x000000000010b2dc                lfsinit
 .text          0x000000000010b331      0x3a0 binaries/lfsopen.o
                0x000000000010b331                lfsopen
 .text          0x000000000010b6d1      0x161 binaries/lftruncate.o
                0x000000000010b6d1                lftruncate
 .text          0x000000000010b832       0x65 binaries/rflclose.o
                0x000000000010b832                rflclose
 .text          0x000000000010b897       0x38 binaries/rflgetc.o
                0x000000000010b897                rflgetc
 .text          0x000000000010b8cf       0x76 binaries/rflinit.o
                0x000000000010b8cf                rflinit
 .text          0x000000000010b945       0x39 binaries/rflputc.o
                0x000000000010b945                rflputc
 .text          0x000000000010b97e      0x345 binaries/rflread.o
                0x000000000010b97e                rflread
 .text          0x000000000010bcc3       0x68 binaries/rflseek.o
                0x000000000010bcc3                rflseek
 .text          0x000000000010bd2b      0x336 binaries/rflwrite.o
                0x000000000010bd2b                rflwrite
 .text          0x000000000010c061      0x1e5 binaries/rfscomm.o
                0x000000000010c061                rfscomm
 .text          0x000000000010c246      0x273 binaries/rfscontrol.o
                0x000000000010c246                rfscontrol
 .text          0x000000000010c4b9       0xd8 binaries/rfsgetmode.o
                0x000000000010c4b9                rfsgetmode
 .text          0x000000000010c591       0x7c binaries/rfsinit.o
                0x000000000010c591                rfsinit
 .text          0x000000000010c60d      0x128 binaries/rfsndmsg.o
                0x000000000010c60d                rfsndmsg
 .text          0x000000000010c735      0x28d binaries/rfsopen.o
                0x000000000010c735                rfsopen
 .text          0x000000000010c9c2      0x855 binaries/arp.o
                0x000000000010c9c2                arp_init
                0x000000000010c9f4                arp_resolve
                0x000000000010ccc1                arp_in
                0x000000000010cf73                arp_alloc
                0x000000000010d03f                arp_ntoh
                0x000000000010d12b                arp_hton
 .text          0x000000000010d217      0x947 binaries/dhcp.o
                0x000000000010d217                dhcp_get_opt_val
                0x000000000010d270                dhcp_bld_bootp_msg
                0x000000000010d39a                dhcp_bld_disc
                0x000000000010d480                dhcp_bld_req
                0x000000000010d5fd                getlocalip
 .text          0x000000000010db5e      0x5e1 binaries/dns.o
                0x000000000010db5e                dnslookup
 .text          0x000000000010e13f       0xe6 binaries/dot2ip.o
                0x000000000010e13f                dot2ip
 .text          0x000000000010e225      0x468 binaries/hexdump.o
                0x000000000010e225                hexdump
                0x000000000010e3a8                hexadump
 .text          0x000000000010e68d      0x881 binaries/icmp.o
                0x000000000010e68d                icmp_init
                0x000000000010e6c3                icmp_in
                0x000000000010e88f                icmp_register
                0x000000000010e981                icmp_recv
                0x000000000010eafa                icmp_send
                0x000000000010eb8f                icmp_mkpkt
                0x000000000010ecaa                icmp_release
                0x000000000010ed9a                icmp_cksum
                0x000000000010ee26                icmp_hton
                0x000000000010ee9a                icmp_ntoh
 .text          0x000000000010ef0e      0x829 binaries/ip.o
                0x000000000010ef0e                ip_in
                0x000000000010f066                ip_send
                0x000000000010f1a8                ip_local
                0x000000000010f1eb                ip_out
                0x000000000010f318                ipcksum
                0x000000000010f39e                ip_ntoh
                0x000000000010f48a                ip_hton
                0x000000000010f576                ipout
                0x000000000010f698                ip_enqueue
 .text          0x000000000010f737      0x2ed binaries/net.o
                0x000000000010f737                net_init
                0x000000000010f88f                netin
                0x000000000010f93b                eth_hton
                0x000000000010f965                eth_ntoh
                0x000000000010f98f                getport
 .text          0x000000000010fa24     0x1539 binaries/pdump.o
                0x000000000010fa24                pdump
                0x0000000000110840                pdumph
 .text          0x0000000000110f5d      0x4fd binaries/tftp.o
                0x0000000000110f5d                tftp_send1
                0x00000000001110ed                tftpget
 .text          0x000000000011145a      0xb18 binaries/udp.o
                0x000000000011145a                udp_init
                0x000000000011148e                udp_in
                0x00000000001115c9                udp_register
                0x00000000001116fd                udp_recv
                0x0000000000111883                udp_recvaddr
                0x0000000000111a21                udp_send
                0x0000000000111bf8                udp_sendto
                0x0000000000111d9b                udp_release
                0x0000000000111e88                udp_ntoh
                0x0000000000111efd                udp_hton
 .text          0x0000000000111f72      0x137 binaries/addargs.o
                0x0000000000111f72                addargs
 .text          0x00000000001120a9      0x2c9 binaries/lexan.o
                0x00000000001120a9                lexan
 .text          0x0000000000112372      0x6ed binaries/shell.o
                0x0000000000112372                shell
 .text          0x0000000000112a5f       0x68 binaries/xsh_argecho.o
                0x0000000000112a5f                xsh_argecho
 .text          0x0000000000112ac7      0x23a binaries/xsh_arp.o
                0x0000000000112ac7                xsh_arp
 .text          0x0000000000112d01      0x251 binaries/xsh_cat.o
                0x0000000000112d01                xsh_cat
 .text          0x0000000000112f52       0x5b binaries/xsh_clear.o
                0x0000000000112f52                xsh_clear
 .text          0x0000000000112fad      0x2ea binaries/xsh_date.o
                0x0000000000112fad                xsh_date
 .text          0x0000000000113297       0xad binaries/xsh_devdump.o
                0x0000000000113297                xsh_devdump
 .text          0x0000000000113344       0x6c binaries/xsh_echo.o
                0x0000000000113344                xsh_echo
 .text          0x00000000001133b0        0xa binaries/xsh_exit.o
                0x00000000001133b0                xsh_exit
 .text          0x00000000001133ba      0x36c binaries/xsh_help.o
                0x00000000001133ba                xsh_help
 .text          0x0000000000113726      0x23c binaries/xsh_kill.o
                0x0000000000113726                xsh_kill
 .text          0x0000000000113962      0x516 binaries/xsh_memdump.o
                0x0000000000113962                xsh_memdump
 .text          0x0000000000113e78      0x29b binaries/xsh_memstat.o
                0x0000000000113e78                xsh_memstat
 .text          0x0000000000114113      0x5b6 binaries/xsh_netinfo.o
                0x0000000000114113                xsh_netinfo
 .text          0x00000000001146c9      0x4ab binaries/xsh_ping.o
                0x00000000001146c9                xsh_ping
 .text          0x0000000000114b74      0x260 binaries/xsh_ps.o
                0x0000000000114b74                xsh_ps
 .text          0x0000000000114dd4      0x219 binaries/xsh_sleep.o
                0x0000000000114dd4                xsh_sleep
 .text          0x0000000000114fed      0x2b6 binaries/xsh_udpdump.o
                0x0000000000114fed                xsh_udpdump
 .text          0x00000000001152a3      0x4d3 binaries/xsh_udpecho.o
                0x00000000001152a3                xsh_udpecho
 .text          0x0000000000115776      0x2d5 binaries/xsh_udpserver.o
                0x0000000000115776                xsh_udpeserver
 .text          0x0000000000115a4b      0x1e1 binaries/xsh_uptime.o
                0x0000000000115a4b                xsh_uptime
 .text          0x0000000000115c2c        0xe binaries/clkdisp.o
                0x0000000000115c2c                clkdisp
 .text          0x0000000000115c3a       0x19 binaries/ctxsw.o
                0x0000000000115c3a                ctxsw
 .text          0x0000000000115c53      0x368 binaries/intr.o
                0x0000000000115c53                disable
                0x0000000000115c5c                restore
                0x0000000000115c6a                enable
                0x0000000000115c6c                pause
                0x0000000000115c73                halt
                0x0000000000115c76                spurious_irq7
                0x0000000000115c7b                spurious_irq15
                0x0000000000115c8a                _Xint0
                0x0000000000115c95                _Xint1
                0x0000000000115ca0                _Xint2
                0x0000000000115cab                _Xint3
                0x0000000000115cb6                _Xint4
                0x0000000000115cc1                _Xint5
                0x0000000000115ccc                _Xint6
                0x0000000000115cd7                _Xint7
                0x0000000000115ce2                _Xint8
                0x0000000000115ced                _Xint9
                0x0000000000115cf8                _Xint10
                0x0000000000115d03                _Xint11
                0x0000000000115d11                _Xint12
                0x0000000000115d1f                _Xint13
                0x0000000000115d2d                _Xint14
                0x0000000000115d3b                _Xint15
                0x0000000000115d49                _Xint16
                0x0000000000115d57                _Xint17
                0x0000000000115d65                _Xint18
                0x0000000000115d73                _Xint19
                0x0000000000115d81                _Xint20
                0x0000000000115d8f                _Xint21
                0x0000000000115d9d                _Xint22
                0x0000000000115dab                _Xint23
                0x0000000000115db9                _Xint24
                0x0000000000115dc7                _Xint25
                0x0000000000115dd5                _Xint26
                0x0000000000115de3                _Xint27
                0x0000000000115df1                _Xint28
                0x0000000000115dff                _Xint29
                0x0000000000115e0d                _Xint30
                0x0000000000115e1b                _Xint31
                0x0000000000115e29                _Xint32
                0x0000000000115e37                _Xint33
                0x0000000000115e45                _Xint34
                0x0000000000115e53                _Xint35
                0x0000000000115e61                _Xint36
                0x0000000000115e6f                _Xint37
                0x0000000000115e7d                _Xint38
                0x0000000000115e8b                _Xint39
                0x0000000000115e99                _Xint40
                0x0000000000115ea7                _Xint41
                0x0000000000115eb5                _Xint42
                0x0000000000115ec3                _Xint43
                0x0000000000115ed1                _Xint44
                0x0000000000115edf                _Xint45
                0x0000000000115eed                _Xint46
                0x0000000000115efb                defevec
 .text          0x0000000000115fbb        0xf binaries/ttydispatch.o
                0x0000000000115fbb                ttydispatch
 .text          0x0000000000115fca       0x13 binaries/ethdispatch.o
                0x0000000000115fca                ethdispatch
 *(.rodata .rodata.*)
 *fill*         0x0000000000115fdd        0x3 
 .rodata        0x0000000000115fe0       0x8e binaries/ascdate.o
 .rodata        0x000000000011606e       0xae binaries/conf.o
 .rodata        0x000000000011611c       0x7f binaries/early_imr.o
 *fill*         0x000000000011619b        0x1 
 .rodata        0x000000000011619c      0x231 binaries/evec.o
 *fill*         0x00000000001163cd        0x3 
 .rodata        0x00000000001163d0       0x61 binaries/getutime.o
 *fill*         0x0000000000116431        0x3 
 .rodata        0x0000000000116434      0x159 binaries/initialize.o
 *fill*         0x000000000011658d        0x3 
 .rodata        0x0000000000116590       0x20 binaries/kill.o
 .rodata        0x00000000001165b0       0x3e binaries/meminit.o
 .rodata        0x00000000001165ee        0xf binaries/panic.o
 .rodata        0x00000000001165fd       0x1d binaries/ptinit.o
 *fill*         0x000000000011661a        0x2 
 .rodata        0x000000000011661c       0x25 binaries/ptsend.o
 .rodata        0x0000000000116641       0x22 binaries/quark_pdat.o
 *fill*         0x0000000000116663        0x1 
 .rodata        0x0000000000116664       0xb7 binaries/stacktrace.o
 *fill*         0x000000000011671b        0x1 
 .rodata        0x000000000011671c       0x27 binaries/xdone.o
 *fill*         0x0000000000116743       0x1d 
 .rodata        0x0000000000116760       0x81 binaries/ctype_.o
                0x0000000000116760                _ctype_
 *fill*         0x00000000001167e1        0x3 
 .rodata        0x00000000001167e4       0xee binaries/doprnt.o
 *fill*         0x00000000001168d2        0x2 
 .rodata        0x00000000001168d4       0x98 binaries/doscan.o
 .rodata        0x000000000011696c       0xae binaries/fdoprnt.o
 *fill*         0x0000000000116a1a        0x2 
 .rodata        0x0000000000116a1c       0x20 binaries/ttycontrol.o
 .rodata        0x0000000000116a3c       0x34 binaries/ttyhandler.o
 .rodata        0x0000000000116a70       0x80 binaries/naminit.o
 .rodata        0x0000000000116af0       0x46 binaries/ethinit.o
 *fill*         0x0000000000116b36        0x2 
 .rodata        0x0000000000116b38       0x2c binaries/rdsbufalloc.o
 .rodata        0x0000000000116b64       0x76 binaries/rdscomm.o
 *fill*         0x0000000000116bda        0x2 
 .rodata        0x0000000000116bdc       0x48 binaries/rdscontrol.o
 .rodata        0x0000000000116c24       0x96 binaries/rdsinit.o
 *fill*         0x0000000000116cba        0x2 
 .rodata        0x0000000000116cbc       0x22 binaries/rdsopen.o
 *fill*         0x0000000000116cde        0x2 
 .rodata        0x0000000000116ce0       0x4d binaries/rdsprocess.o
 .rodata        0x0000000000116d2d        0x9 binaries/raminit.o
 *fill*         0x0000000000116d36        0x2 
 .rodata        0x0000000000116d38       0x37 binaries/lfdballoc.o
 .rodata        0x0000000000116d6f       0x14 binaries/lfiballoc.o
 *fill*         0x0000000000116d83        0x1 
 .rodata        0x0000000000116d84       0x23 binaries/lflcontrol.o
 *fill*         0x0000000000116da7        0x1 
 .rodata        0x0000000000116da8      0x11b binaries/lfsckfmt.o
 *fill*         0x0000000000116ec3        0x1 
 .rodata        0x0000000000116ec4       0x2a binaries/lfsopen.o
 *fill*         0x0000000000116eee        0x2 
 .rodata        0x0000000000116ef0       0x21 binaries/rflread.o
 *fill*         0x0000000000116f11        0x3 
 .rodata        0x0000000000116f14       0x21 binaries/rflwrite.o
 *fill*         0x0000000000116f35        0x3 
 .rodata        0x0000000000116f38       0x75 binaries/rfscomm.o
 *fill*         0x0000000000116fad        0x3 
 .rodata        0x0000000000116fb0       0x3c binaries/rfscontrol.o
 .rodata        0x0000000000116fec       0x63 binaries/rfsinit.o
 *fill*         0x000000000011704f        0x1 
 .rodata        0x0000000000117050       0x2a binaries/rfsndmsg.o
 *fill*         0x000000000011707a        0x2 
 .rodata        0x000000000011707c       0x22 binaries/rfsopen.o
 *fill*         0x000000000011709e        0x2 
 .rodata        0x00000000001170a0       0x3a binaries/arp.o
 *fill*         0x00000000001170da        0x2 
 .rodata        0x00000000001170dc       0xcf binaries/dhcp.o
 .rodata        0x00000000001171ab       0x1a binaries/dns.o
 *fill*         0x00000000001171c5        0x3 
 .rodata        0x00000000001171c8       0xc9 binaries/hexdump.o
 *fill*         0x0000000000117291        0x3 
 .rodata        0x0000000000117294       0x29 binaries/icmp.o
 *fill*         0x00000000001172bd        0x3 
 .rodata        0x00000000001172c0       0x6e binaries/ip.o
 *fill*         0x000000000011732e        0x2 
 .rodata        0x0000000000117330       0x4f binaries/net.o
 *fill*         0x000000000011737f        0x1 
 .rodata        0x0000000000117380      0x26f binaries/pdump.o
 *fill*         0x00000000001175ef        0x1 
 .rodata        0x00000000001175f0      0x10c binaries/tftp.o
 *fill*         0x00000000001176fc        0x4 
 .rodata        0x0000000000117700      0x3c1 binaries/shell.o
                0x0000000000117780                cmdtab
 .rodata        0x0000000000117ac1       0x28 binaries/xsh_argecho.o
 *fill*         0x0000000000117ae9        0x3 
 .rodata        0x0000000000117aec      0x123 binaries/xsh_arp.o
 *fill*         0x0000000000117c0f        0x1 
 .rodata        0x0000000000117c10       0xc9 binaries/xsh_cat.o
 .rodata        0x0000000000117cd9       0x19 binaries/xsh_clear.o
 *fill*         0x0000000000117cf2        0x2 
 .rodata        0x0000000000117cf4      0x1c3 binaries/xsh_date.o
 .rodata        0x0000000000117eb7       0x5d binaries/xsh_devdump.o
 .rodata        0x0000000000117f14        0x9 binaries/xsh_echo.o
 *fill*         0x0000000000117f1d        0x3 
 .rodata        0x0000000000117f20      0x169 binaries/xsh_help.o
 *fill*         0x0000000000118089        0x3 
 .rodata        0x000000000011808c      0x12e binaries/xsh_kill.o
 *fill*         0x00000000001181ba        0x2 
 .rodata        0x00000000001181bc      0x266 binaries/xsh_memdump.o
 *fill*         0x0000000000118422        0x2 
 .rodata        0x0000000000118424      0x225 binaries/xsh_memstat.o
 *fill*         0x0000000000118649        0x3 
 .rodata        0x000000000011864c      0x1b0 binaries/xsh_netinfo.o
 .rodata        0x00000000001187fc      0x1a1 binaries/xsh_ping.o
 *fill*         0x000000000011899d        0x3 
 .rodata        0x00000000001189a0      0x1e0 binaries/xsh_ps.o
 .rodata        0x0000000000118b80       0xeb binaries/xsh_sleep.o
 *fill*         0x0000000000118c6b        0x1 
 .rodata        0x0000000000118c6c      0x1b8 binaries/xsh_udpdump.o
 .rodata        0x0000000000118e24      0x215 binaries/xsh_udpecho.o
 *fill*         0x0000000000119039        0x3 
 .rodata        0x000000000011903c      0x12b binaries/xsh_udpserver.o
 *fill*         0x0000000000119167        0x1 
 .rodata        0x0000000000119168      0x105 binaries/xsh_uptime.o
                0x000000000011926d                etext = ABSOLUTE (.)
                0x000000000011a000                . = ALIGN (0x1000)
 *fill*         0x000000000011926d      0xd93 

.eh_frame       0x000000000011a000     0x2bbc
 .eh_frame      0x000000000011a000       0x40 binaries/ascdate.o
 .eh_frame      0x000000000011a040       0x20 binaries/bufinit.o
                                         0x38 (size before relaxing)
 .eh_frame      0x000000000011a060       0x20 binaries/chprio.o
                                         0x38 (size before relaxing)
 .eh_frame      0x000000000011a080       0x20 binaries/clkhandler.o
                                         0x38 (size before relaxing)
 .eh_frame      0x000000000011a0a0       0x20 binaries/clkinit.o
                                         0x38 (size before relaxing)
 .eh_frame      0x000000000011a0c0       0x20 binaries/close.o
                                         0x38 (size before relaxing)
 .eh_frame      0x000000000011a0e0       0x20 binaries/control.o
                                         0x38 (size before relaxing)
 .eh_frame      0x000000000011a100       0x40 binaries/create.o
                                         0x58 (size before relaxing)
 .eh_frame      0x000000000011a140      0x104 binaries/early_imr.o
                                        0x11c (size before relaxing)
 .eh_frame      0x000000000011a244       0x80 binaries/evec.o
                                         0x98 (size before relaxing)
 .eh_frame      0x000000000011a2c4       0x20 binaries/exit.o
                                         0x38 (size before relaxing)
 .eh_frame      0x000000000011a2e4       0x20 binaries/freebuf.o
                                         0x38 (size before relaxing)
 .eh_frame      0x000000000011a304       0x20 binaries/freemem.o
                                         0x38 (size before relaxing)
 .eh_frame      0x000000000011a324       0x20 binaries/getbuf.o
                                         0x38 (size before relaxing)
 .eh_frame      0x000000000011a344       0x20 binaries/getc.o
                                         0x38 (size before relaxing)
 .eh_frame      0x000000000011a364       0x20 binaries/getdev.o
                                         0x38 (size before relaxing)
 .eh_frame      0x000000000011a384       0x60 binaries/getitem.o
                                         0x78 (size before relaxing)
 .eh_frame      0x000000000011a3e4       0x20 binaries/getmem.o
                                         0x38 (size before relaxing)
 .eh_frame      0x000000000011a404       0x20 binaries/getpid.o
                                         0x38 (size before relaxing)
 .eh_frame      0x000000000011a424       0x20 binaries/getprio.o
                                         0x38 (size before relaxing)
 .eh_frame      0x000000000011a444       0x20 binaries/getstk.o
                                         0x38 (size before relaxing)
 .eh_frame      0x000000000011a464       0x20 binaries/getticks.o
                                         0x38 (size before relaxing)
 .eh_frame      0x000000000011a484       0x20 binaries/gettime.o
                                         0x38 (size before relaxing)
 .eh_frame      0x000000000011a4a4       0x20 binaries/getutime.o
                                         0x38 (size before relaxing)
 .eh_frame      0x000000000011a4c4       0x20 binaries/init.o
                                         0x38 (size before relaxing)
 .eh_frame      0x000000000011a4e4       0x9c binaries/initialize.o
                                         0xb4 (size before relaxing)
 .eh_frame      0x000000000011a580       0x20 binaries/insert.o
                                         0x38 (size before relaxing)
 .eh_frame      0x000000000011a5a0       0x20 binaries/insertd.o
                                         0x38 (size before relaxing)
 .eh_frame      0x000000000011a5c0       0x20 binaries/ioerr.o
                                         0x38 (size before relaxing)
 .eh_frame      0x000000000011a5e0       0x20 binaries/ionull.o
                                         0x38 (size before relaxing)
 .eh_frame      0x000000000011a600       0x20 binaries/kill.o
                                         0x38 (size before relaxing)
 .eh_frame      0x000000000011a620       0x60 binaries/kprintf.o
                                         0x78 (size before relaxing)
 .eh_frame      0x000000000011a680       0x20 binaries/main.o
                                         0x38 (size before relaxing)
 .eh_frame      0x000000000011a6a0       0x40 binaries/mark.o
                                         0x58 (size before relaxing)
 .eh_frame      0x000000000011a6e0       0x48 binaries/meminit.o
                                         0x60 (size before relaxing)
 .eh_frame      0x000000000011a728       0x20 binaries/mkbufpool.o
                                         0x38 (size before relaxing)
 .eh_frame      0x000000000011a748       0x20 binaries/newqueue.o
                                         0x38 (size before relaxing)
 .eh_frame      0x000000000011a768       0x20 binaries/open.o
                                         0x38 (size before relaxing)
 .eh_frame      0x000000000011a788       0x1c binaries/panic.o
                                         0x34 (size before relaxing)
 .eh_frame      0x000000000011a7a4      0x1c0 binaries/pci.o
                                        0x1d8 (size before relaxing)
 .eh_frame      0x000000000011a964       0x60 binaries/platinit.o
                                         0x78 (size before relaxing)
 .eh_frame      0x000000000011a9c4       0x20 binaries/ptclear.o
                                         0x38 (size before relaxing)
 .eh_frame      0x000000000011a9e4       0x20 binaries/ptcount.o
                                         0x38 (size before relaxing)
 .eh_frame      0x000000000011aa04       0x20 binaries/ptcreate.o
                                         0x38 (size before relaxing)
 .eh_frame      0x000000000011aa24       0x20 binaries/ptdelete.o
                                         0x38 (size before relaxing)
 .eh_frame      0x000000000011aa44       0x20 binaries/ptinit.o
                                         0x38 (size before relaxing)
 .eh_frame      0x000000000011aa64       0x20 binaries/ptrecv.o
                                         0x38 (size before relaxing)
 .eh_frame      0x000000000011aa84       0x20 binaries/ptreset.o
                                         0x38 (size before relaxing)
 .eh_frame      0x000000000011aaa4       0x20 binaries/ptsend.o
                                         0x38 (size before relaxing)
 .eh_frame      0x000000000011aac4       0x20 binaries/putc.o
                                         0x38 (size before relaxing)
 .eh_frame      0x000000000011aae4       0x20 binaries/quark_irq.o
                                         0x38 (size before relaxing)
 .eh_frame      0x000000000011ab04       0x40 binaries/quark_pdat.o
                                         0x58 (size before relaxing)
 .eh_frame      0x000000000011ab44       0x40 binaries/queue.o
                                         0x58 (size before relaxing)
 .eh_frame      0x000000000011ab84       0x20 binaries/read.o
                                         0x38 (size before relaxing)
 .eh_frame      0x000000000011aba4       0x24 binaries/ready.o
                                         0x3c (size before relaxing)
 .eh_frame      0x000000000011abc8       0x20 binaries/receive.o
                                         0x38 (size before relaxing)
 .eh_frame      0x000000000011abe8       0x20 binaries/recvclr.o
                                         0x38 (size before relaxing)
 .eh_frame      0x000000000011ac08       0x20 binaries/recvtime.o
                                         0x38 (size before relaxing)
 .eh_frame      0x000000000011ac28       0x40 binaries/resched.o
                                         0x58 (size before relaxing)
 .eh_frame      0x000000000011ac68       0x20 binaries/resume.o
                                         0x38 (size before relaxing)
 .eh_frame      0x000000000011ac88       0x20 binaries/seek.o
                                         0x38 (size before relaxing)
 .eh_frame      0x000000000011aca8       0x20 binaries/semcount.o
                                         0x38 (size before relaxing)
 .eh_frame      0x000000000011acc8       0x40 binaries/semcreate.o
                                         0x58 (size before relaxing)
 .eh_frame      0x000000000011ad08       0x20 binaries/semdelete.o
                                         0x38 (size before relaxing)
 .eh_frame      0x000000000011ad28       0x20 binaries/semreset.o
                                         0x38 (size before relaxing)
 .eh_frame      0x000000000011ad48       0x20 binaries/send.o
                                         0x38 (size before relaxing)
 .eh_frame      0x000000000011ad68       0x20 binaries/signal.o
                                         0x38 (size before relaxing)
 .eh_frame      0x000000000011ad88       0x20 binaries/signaln.o
                                         0x38 (size before relaxing)
 .eh_frame      0x000000000011ada8       0x40 binaries/sleep.o
                                         0x58 (size before relaxing)
 .eh_frame      0x000000000011ade8       0x20 binaries/stacktrace.o
                                         0x38 (size before relaxing)
 .eh_frame      0x000000000011ae08       0x20 binaries/suspend.o
                                         0x38 (size before relaxing)
 .eh_frame      0x000000000011ae28       0x20 binaries/unsleep.o
                                         0x38 (size before relaxing)
 .eh_frame      0x000000000011ae48       0x20 binaries/userret.o
                                         0x38 (size before relaxing)
 .eh_frame      0x000000000011ae68       0x20 binaries/wait.o
                                         0x38 (size before relaxing)
 .eh_frame      0x000000000011ae88       0x20 binaries/wakeup.o
                                         0x38 (size before relaxing)
 .eh_frame      0x000000000011aea8       0x20 binaries/write.o
                                         0x38 (size before relaxing)
 .eh_frame      0x000000000011aec8       0x20 binaries/xdone.o
                                         0x38 (size before relaxing)
 .eh_frame      0x000000000011aee8       0x20 binaries/yield.o
                                         0x38 (size before relaxing)
 .eh_frame      0x000000000011af08       0x20 binaries/abs.o
                                         0x38 (size before relaxing)
 .eh_frame      0x000000000011af28       0x20 binaries/atoi.o
                                         0x38 (size before relaxing)
 .eh_frame      0x000000000011af48       0x20 binaries/atol.o
                                         0x38 (size before relaxing)
 .eh_frame      0x000000000011af68       0x20 binaries/bzero.o
                                         0x38 (size before relaxing)
 .eh_frame      0x000000000011af88       0xe4 binaries/doprnt.o
                                         0xfc (size before relaxing)
 .eh_frame      0x000000000011b06c       0xb0 binaries/doscan.o
                                         0xc8 (size before relaxing)
 .eh_frame      0x000000000011b11c       0xc0 binaries/fdoprnt.o
                                         0xd8 (size before relaxing)
 .eh_frame      0x000000000011b1dc       0x20 binaries/fgetc.o
                                         0x38 (size before relaxing)
 .eh_frame      0x000000000011b1fc       0x20 binaries/fgets.o
                                         0x38 (size before relaxing)
 .eh_frame      0x000000000011b21c       0x20 binaries/fprintf.o
                                         0x38 (size before relaxing)
 .eh_frame      0x000000000011b23c       0x20 binaries/fputc.o
                                         0x38 (size before relaxing)
 .eh_frame      0x000000000011b25c       0x20 binaries/fputs.o
                                         0x38 (size before relaxing)
 .eh_frame      0x000000000011b27c       0x60 binaries/fscanf.o
                                         0x78 (size before relaxing)
 .eh_frame      0x000000000011b2dc       0x20 binaries/getchar.o
                                         0x38 (size before relaxing)
 .eh_frame      0x000000000011b2fc       0x20 binaries/labs.o
                                         0x38 (size before relaxing)
 .eh_frame      0x000000000011b31c       0x20 binaries/memcmp.o
                                         0x38 (size before relaxing)
 .eh_frame      0x000000000011b33c       0x24 binaries/memcpy.o
                                         0x3c (size before relaxing)
 .eh_frame      0x000000000011b360       0x24 binaries/memset.o
                                         0x3c (size before relaxing)
 .eh_frame      0x000000000011b384       0x20 binaries/printf.o
                                         0x38 (size before relaxing)
 .eh_frame      0x000000000011b3a4       0x20 binaries/putchar.o
                                         0x38 (size before relaxing)
 .eh_frame      0x000000000011b3c4       0xa8 binaries/qsort.o
                                         0xc0 (size before relaxing)
 .eh_frame      0x000000000011b46c       0x60 binaries/rand.o
                                         0x78 (size before relaxing)
 .eh_frame      0x000000000011b4cc       0x40 binaries/sprintf.o
                                         0x58 (size before relaxing)
 .eh_frame      0x000000000011b50c       0x60 binaries/sscanf.o
                                         0x78 (size before relaxing)
 .eh_frame      0x000000000011b56c       0x20 binaries/strchr.o
                                         0x38 (size before relaxing)
 .eh_frame      0x000000000011b58c       0x20 binaries/strcmp.o
                                         0x38 (size before relaxing)
 .eh_frame      0x000000000011b5ac       0x20 binaries/strcpy.o
                                         0x38 (size before relaxing)
 .eh_frame      0x000000000011b5cc       0x20 binaries/strlen.o
                                         0x38 (size before relaxing)
 .eh_frame      0x000000000011b5ec       0x20 binaries/strncat.o
                                         0x38 (size before relaxing)
 .eh_frame      0x000000000011b60c       0x20 binaries/strncmp.o
                                         0x38 (size before relaxing)
 .eh_frame      0x000000000011b62c       0x28 binaries/strncpy.o
                                         0x40 (size before relaxing)
 .eh_frame      0x000000000011b654       0x20 binaries/strnlen.o
                                         0x38 (size before relaxing)
 .eh_frame      0x000000000011b674       0x20 binaries/strrchr.o
                                         0x38 (size before relaxing)
 .eh_frame      0x000000000011b694       0x20 binaries/strstr.o
                                         0x38 (size before relaxing)
 .eh_frame      0x000000000011b6b4       0x20 binaries/ttycontrol.o
                                         0x38 (size before relaxing)
 .eh_frame      0x000000000011b6d4       0x20 binaries/ttygetc.o
                                         0x38 (size before relaxing)
 .eh_frame      0x000000000011b6f4       0x80 binaries/ttyhandle_in.o
                                         0x98 (size before relaxing)
 .eh_frame      0x000000000011b774       0x20 binaries/ttyhandle_out.o
                                         0x38 (size before relaxing)
 .eh_frame      0x000000000011b794       0x20 binaries/ttyhandler.o
                                         0x38 (size before relaxing)
 .eh_frame      0x000000000011b7b4       0x20 binaries/ttyinit.o
                                         0x38 (size before relaxing)
 .eh_frame      0x000000000011b7d4       0x20 binaries/ttykickout.o
                                         0x38 (size before relaxing)
 .eh_frame      0x000000000011b7f4       0x20 binaries/ttyputc.o
                                         0x38 (size before relaxing)
 .eh_frame      0x000000000011b814       0x28 binaries/ttyread.o
                                         0x40 (size before relaxing)
 .eh_frame      0x000000000011b83c       0x20 binaries/ttywrite.o
                                         0x38 (size before relaxing)
 .eh_frame      0x000000000011b85c       0x40 binaries/mount.o
                                         0x58 (size before relaxing)
 .eh_frame      0x000000000011b89c       0x20 binaries/naminit.o
                                         0x38 (size before relaxing)
 .eh_frame      0x000000000011b8bc       0x60 binaries/nammap.o
                                         0x78 (size before relaxing)
 .eh_frame      0x000000000011b91c       0x20 binaries/namopen.o
                                         0x38 (size before relaxing)
 .eh_frame      0x000000000011b93c       0x20 binaries/ethcontrol.o
                                         0x38 (size before relaxing)
 .eh_frame      0x000000000011b95c       0x20 binaries/ethhandler.o
                                         0x38 (size before relaxing)
 .eh_frame      0x000000000011b97c       0xa0 binaries/ethinit.o
                                         0xb8 (size before relaxing)
 .eh_frame      0x000000000011ba1c       0x40 binaries/ethmcast.o
                                         0x58 (size before relaxing)
 .eh_frame      0x000000000011ba5c       0x20 binaries/ethread.o
                                         0x38 (size before relaxing)
 .eh_frame      0x000000000011ba7c       0x20 binaries/ethwrite.o
                                         0x38 (size before relaxing)
 .eh_frame      0x000000000011ba9c       0x20 binaries/rdsbufalloc.o
                                         0x38 (size before relaxing)
 .eh_frame      0x000000000011babc       0x20 binaries/rdsclose.o
                                         0x38 (size before relaxing)
 .eh_frame      0x000000000011badc       0x20 binaries/rdscomm.o
                                         0x38 (size before relaxing)
 .eh_frame      0x000000000011bafc       0x20 binaries/rdscontrol.o
                                         0x38 (size before relaxing)
 .eh_frame      0x000000000011bb1c       0x20 binaries/rdsinit.o
                                         0x38 (size before relaxing)
 .eh_frame      0x000000000011bb3c       0x20 binaries/rdsopen.o
                                         0x38 (size before relaxing)
 .eh_frame      0x000000000011bb5c       0x1c binaries/rdsprocess.o
                                         0x34 (size before relaxing)
 .eh_frame      0x000000000011bb78       0x20 binaries/rdsread.o
                                         0x38 (size before relaxing)
 .eh_frame      0x000000000011bb98       0x20 binaries/rdswrite.o
                                         0x38 (size before relaxing)
 .eh_frame      0x000000000011bbb8       0x20 binaries/ramclose.o
                                         0x38 (size before relaxing)
 .eh_frame      0x000000000011bbd8       0x20 binaries/raminit.o
                                         0x38 (size before relaxing)
 .eh_frame      0x000000000011bbf8       0x20 binaries/ramopen.o
                                         0x38 (size before relaxing)
 .eh_frame      0x000000000011bc18       0x20 binaries/ramread.o
                                         0x38 (size before relaxing)
 .eh_frame      0x000000000011bc38       0x20 binaries/ramwrite.o
                                         0x38 (size before relaxing)
 .eh_frame      0x000000000011bc58       0x20 binaries/lfdballoc.o
                                         0x38 (size before relaxing)
 .eh_frame      0x000000000011bc78       0x20 binaries/lfdbfree.o
                                         0x38 (size before relaxing)
 .eh_frame      0x000000000011bc98       0x20 binaries/lfflush.o
                                         0x38 (size before relaxing)
 .eh_frame      0x000000000011bcb8       0x20 binaries/lfgetmode.o
                                         0x38 (size before relaxing)
 .eh_frame      0x000000000011bcd8       0x20 binaries/lfiballoc.o
                                         0x38 (size before relaxing)
 .eh_frame      0x000000000011bcf8       0x20 binaries/lfibclear.o
                                         0x38 (size before relaxing)
 .eh_frame      0x000000000011bd18       0x20 binaries/lfibget.o
                                         0x38 (size before relaxing)
 .eh_frame      0x000000000011bd38       0x20 binaries/lfibput.o
                                         0x38 (size before relaxing)
 .eh_frame      0x000000000011bd58       0x20 binaries/lflclose.o
                                         0x38 (size before relaxing)
 .eh_frame      0x000000000011bd78       0x20 binaries/lflcontrol.o
                                         0x38 (size before relaxing)
 .eh_frame      0x000000000011bd98       0x20 binaries/lflgetc.o
                                         0x38 (size before relaxing)
 .eh_frame      0x000000000011bdb8       0x20 binaries/lflinit.o
                                         0x38 (size before relaxing)
 .eh_frame      0x000000000011bdd8       0x20 binaries/lflputc.o
                                         0x38 (size before relaxing)
 .eh_frame      0x000000000011bdf8       0x20 binaries/lflread.o
                                         0x38 (size before relaxing)
 .eh_frame      0x000000000011be18       0x20 binaries/lflseek.o
                                         0x38 (size before relaxing)
 .eh_frame      0x000000000011be38       0x20 binaries/lflwrite.o
                                         0x38 (size before relaxing)
 .eh_frame      0x000000000011be58       0x20 binaries/lfscheck.o
                                         0x38 (size before relaxing)
 .eh_frame      0x000000000011be78       0x20 binaries/lfsckfmt.o
                                         0x38 (size before relaxing)
 .eh_frame      0x000000000011be98       0x20 binaries/lfscreate.o
                                         0x38 (size before relaxing)
 .eh_frame      0x000000000011beb8       0x20 binaries/lfsetup.o
                                         0x38 (size before relaxing)
 .eh_frame      0x000000000011bed8       0x20 binaries/lfsinit.o
                                         0x38 (size before relaxing)
 .eh_frame      0x000000000011bef8       0x20 binaries/lfsopen.o
                                         0x38 (size before relaxing)
 .eh_frame      0x000000000011bf18       0x20 binaries/lftruncate.o
                                         0x38 (size before relaxing)
 .eh_frame      0x000000000011bf38       0x20 binaries/rflclose.o
                                         0x38 (size before relaxing)
 .eh_frame      0x000000000011bf58       0x20 binaries/rflgetc.o
                                         0x38 (size before relaxing)
 .eh_frame      0x000000000011bf78       0x20 binaries/rflinit.o
                                         0x38 (size before relaxing)
 .eh_frame      0x000000000011bf98       0x20 binaries/rflputc.o
                                         0x38 (size before relaxing)
 .eh_frame      0x000000000011bfb8       0x20 binaries/rflread.o
                                         0x38 (size before relaxing)
 .eh_frame      0x000000000011bfd8       0x20 binaries/rflseek.o
                                         0x38 (size before relaxing)
 .eh_frame      0x000000000011bff8       0x20 binaries/rflwrite.o
                                         0x38 (size before relaxing)
 .eh_frame      0x000000000011c018       0x20 binaries/rfscomm.o
                                         0x38 (size before relaxing)
 .eh_frame      0x000000000011c038       0x20 binaries/rfscontrol.o
                                         0x38 (size before relaxing)
 .eh_frame      0x000000000011c058       0x20 binaries/rfsgetmode.o
                                         0x38 (size before relaxing)
 .eh_frame      0x000000000011c078       0x20 binaries/rfsinit.o
                                         0x38 (size before relaxing)
 .eh_frame      0x000000000011c098       0x20 binaries/rfsndmsg.o
                                         0x38 (size before relaxing)
 .eh_frame      0x000000000011c0b8       0x20 binaries/rfsopen.o
                                         0x38 (size before relaxing)
 .eh_frame      0x000000000011c0d8       0xc0 binaries/arp.o
                                         0xd8 (size before relaxing)
 .eh_frame      0x000000000011c198       0xa0 binaries/dhcp.o
                                         0xb8 (size before relaxing)
 .eh_frame      0x000000000011c238       0x80 binaries/dns.o
                                         0x98 (size before relaxing)
 .eh_frame      0x000000000011c2b8       0x20 binaries/dot2ip.o
                                         0x38 (size before relaxing)
 .eh_frame      0x000000000011c2d8       0x40 binaries/hexdump.o
                                         0x58 (size before relaxing)
 .eh_frame      0x000000000011c318      0x150 binaries/icmp.o
                                        0x168 (size before relaxing)
 .eh_frame      0x000000000011c468      0x11c binaries/ip.o
                                        0x134 (size before relaxing)
 .eh_frame      0x000000000011c584       0xa0 binaries/net.o
                                         0xb8 (size before relaxing)
 .eh_frame      0x000000000011c624       0x60 binaries/pdump.o
                                         0x78 (size before relaxing)
 .eh_frame      0x000000000011c684       0x4c binaries/tftp.o
                                         0x64 (size before relaxing)
 .eh_frame      0x000000000011c6d0      0x140 binaries/udp.o
                                        0x158 (size before relaxing)
 .eh_frame      0x000000000011c810       0x20 binaries/addargs.o
                                         0x38 (size before relaxing)
 .eh_frame      0x000000000011c830       0x20 binaries/lexan.o
                                         0x38 (size before relaxing)
 .eh_frame      0x000000000011c850       0x20 binaries/shell.o
                                         0x38 (size before relaxing)
 .eh_frame      0x000000000011c870       0x20 binaries/xsh_argecho.o
                                         0x38 (size before relaxing)
 .eh_frame      0x000000000011c890       0x40 binaries/xsh_arp.o
                                         0x58 (size before relaxing)
 .eh_frame      0x000000000011c8d0       0x20 binaries/xsh_cat.o
                                         0x38 (size before relaxing)
 .eh_frame      0x000000000011c8f0       0x20 binaries/xsh_clear.o
                                         0x38 (size before relaxing)
 .eh_frame      0x000000000011c910       0x20 binaries/xsh_date.o
                                         0x38 (size before relaxing)
 .eh_frame      0x000000000011c930       0x20 binaries/xsh_devdump.o
                                         0x38 (size before relaxing)
 .eh_frame      0x000000000011c950       0x20 binaries/xsh_echo.o
                                         0x38 (size before relaxing)
 .eh_frame      0x000000000011c970       0x20 binaries/xsh_exit.o
                                         0x38 (size before relaxing)
 .eh_frame      0x000000000011c990       0x2c binaries/xsh_help.o
                                         0x44 (size before relaxing)
 .eh_frame      0x000000000011c9bc       0x20 binaries/xsh_kill.o
                                         0x38 (size before relaxing)
 .eh_frame      0x000000000011c9dc       0x40 binaries/xsh_memdump.o
                                         0x58 (size before relaxing)
 .eh_frame      0x000000000011ca1c       0x60 binaries/xsh_memstat.o
                                         0x78 (size before relaxing)
 .eh_frame      0x000000000011ca7c       0x30 binaries/xsh_netinfo.o
                                         0x48 (size before relaxing)
 .eh_frame      0x000000000011caac       0x28 binaries/xsh_ping.o
                                         0x40 (size before relaxing)
 .eh_frame      0x000000000011cad4       0x30 binaries/xsh_ps.o
                                         0x48 (size before relaxing)
 .eh_frame      0x000000000011cb04       0x20 binaries/xsh_sleep.o
                                         0x38 (size before relaxing)
 .eh_frame      0x000000000011cb24       0x20 binaries/xsh_udpdump.o
                                         0x38 (size before relaxing)
 .eh_frame      0x000000000011cb44       0x30 binaries/xsh_udpecho.o
                                         0x48 (size before relaxing)
 .eh_frame      0x000000000011cb74       0x28 binaries/xsh_udpserver.o
                                         0x40 (size before relaxing)
 .eh_frame      0x000000000011cb9c       0x20 binaries/xsh_uptime.o
                                         0x38 (size before relaxing)

.iplt           0x000000000011cbbc        0x0
 .iplt          0x000000000011cbbc        0x0 binaries/start.o

.rel.dyn        0x000000000011cbbc        0x0
 .rel.got       0x000000000011cbbc        0x0 binaries/start.o
 .rel.iplt      0x000000000011cbbc        0x0 binaries/start.o
 .rel.text      0x000000000011cbbc        0x0 binaries/start.o

.data           0x000000000011cbc0     0x1440
                0x000000000011cbc0                data = ABSOLUTE (.)
 *(.data .data.*)
 .data          0x000000000011cbc0      0x83a binaries/start.o
                0x000000000011cbc0                gdt
                0x000000000011cbf0                idt
                0x000000000011d3f6                cpudelay
 *fill*         0x000000000011d3fa        0x6 
 .data          0x000000000011d400       0x88 binaries/ascdate.o
                0x000000000011d400                Date
 .data          0x000000000011d488        0x0 binaries/bufinit.o
 .data          0x000000000011d488        0x0 binaries/chprio.o
 .data          0x000000000011d488        0x4 binaries/clkhandler.o
 .data          0x000000000011d48c        0x0 binaries/clkinit.o
 .data          0x000000000011d48c        0x0 binaries/close.o
 *fill*         0x000000000011d48c       0x14 
 .data          0x000000000011d4a0      0x5a0 binaries/conf.o
                0x000000000011d4a0                devtab
 .data          0x000000000011da40        0x0 binaries/control.o
 .data          0x000000000011da40        0x4 binaries/create.o
 .data          0x000000000011da44        0x0 binaries/early_imr.o
 *fill*         0x000000000011da44       0x1c 
 .data          0x000000000011da60       0x40 binaries/evec.o
                0x000000000011da60                inames
 .data          0x000000000011daa0        0x0 binaries/exit.o
 .data          0x000000000011daa0        0x0 binaries/freebuf.o
 .data          0x000000000011daa0        0x0 binaries/freemem.o
 .data          0x000000000011daa0        0x0 binaries/getbuf.o
 .data          0x000000000011daa0        0x0 binaries/getc.o
 .data          0x000000000011daa0        0x0 binaries/getdev.o
 .data          0x000000000011daa0        0x0 binaries/getitem.o
 .data          0x000000000011daa0        0x0 binaries/getmem.o
 .data          0x000000000011daa0        0x0 binaries/getpid.o
 .data          0x000000000011daa0        0x0 binaries/getprio.o
 .data          0x000000000011daa0        0x0 binaries/getstk.o
 .data          0x000000000011daa0        0x0 binaries/getticks.o
 .data          0x000000000011daa0        0x0 binaries/gettime.o
 .data          0x000000000011daa0        0x0 binaries/getutime.o
 .data          0x000000000011daa0        0x0 binaries/init.o
 .data          0x000000000011daa0        0x0 binaries/initialize.o
 .data          0x000000000011daa0        0x0 binaries/insert.o
 .data          0x000000000011daa0        0x0 binaries/insertd.o
 .data          0x000000000011daa0        0x0 binaries/ioerr.o
 .data          0x000000000011daa0        0x0 binaries/ionull.o
 .data          0x000000000011daa0        0x0 binaries/kill.o
 .data          0x000000000011daa0        0x0 binaries/kprintf.o
 .data          0x000000000011daa0        0x0 binaries/main.o
 .data          0x000000000011daa0        0x0 binaries/mark.o
 .data          0x000000000011daa0       0x40 binaries/meminit.o
                0x000000000011daa0                bootsign
                0x000000000011daa4                bootinfo
                0x000000000011dac0                gdt_copy
 .data          0x000000000011dae0        0x0 binaries/mkbufpool.o
 .data          0x000000000011dae0        0x2 binaries/newqueue.o
 .data          0x000000000011dae2        0x0 binaries/open.o
 .data          0x000000000011dae2        0x0 binaries/panic.o
 .data          0x000000000011dae2        0x0 binaries/pci.o
 .data          0x000000000011dae2        0x0 binaries/platinit.o
 .data          0x000000000011dae2        0x0 binaries/ptclear.o
 .data          0x000000000011dae2        0x0 binaries/ptcount.o
 .data          0x000000000011dae2        0x0 binaries/ptcreate.o
 .data          0x000000000011dae2        0x0 binaries/ptdelete.o
 .data          0x000000000011dae2        0x0 binaries/ptinit.o
 .data          0x000000000011dae2        0x0 binaries/ptrecv.o
 .data          0x000000000011dae2        0x0 binaries/ptreset.o
 .data          0x000000000011dae2        0x0 binaries/ptsend.o
 .data          0x000000000011dae2        0x0 binaries/putc.o
 .data          0x000000000011dae2        0x0 binaries/quark_irq.o
 .data          0x000000000011dae2        0x0 binaries/quark_pdat.o
 .data          0x000000000011dae2        0x0 binaries/queue.o
 .data          0x000000000011dae2        0x0 binaries/read.o
 .data          0x000000000011dae2        0x0 binaries/ready.o
[...]
 .comment       0x0000000000000023       0x24 binaries/hexdump.o
 .comment       0x0000000000000023       0x24 binaries/icmp.o
 .comment       0x0000000000000023       0x24 binaries/ip.o
 .comment       0x0000000000000023       0x24 binaries/net.o
 .comment       0x0000000000000023       0x24 binaries/pdump.o
 .comment       0x0000000000000023       0x24 binaries/tftp.o
 .comment       0x0000000000000023       0x24 binaries/udp.o
 .comment       0x0000000000000023       0x24 binaries/addargs.o
 .comment       0x0000000000000023       0x24 binaries/lexan.o
 .comment       0x0000000000000023       0x24 binaries/shell.o
 .comment       0x0000000000000023       0x24 binaries/xsh_argecho.o
 .comment       0x0000000000000023       0x24 binaries/xsh_arp.o
 .comment       0x0000000000000023       0x24 binaries/xsh_cat.o
 .comment       0x0000000000000023       0x24 binaries/xsh_clear.o
 .comment       0x0000000000000023       0x24 binaries/xsh_date.o
 .comment       0x0000000000000023       0x24 binaries/xsh_devdump.o
 .comment       0x0000000000000023       0x24 binaries/xsh_echo.o
 .comment       0x0000000000000023       0x24 binaries/xsh_exit.o
 .comment       0x0000000000000023       0x24 binaries/xsh_help.o
 .comment       0x0000000000000023       0x24 binaries/xsh_kill.o
 .comment       0x0000000000000023       0x24 binaries/xsh_memdump.o
 .comment       0x0000000000000023       0x24 binaries/xsh_memstat.o
 .comment       0x0000000000000023       0x24 binaries/xsh_netinfo.o
 .comment       0x0000000000000023       0x24 binaries/xsh_ping.o
 .comment       0x0000000000000023       0x24 binaries/xsh_ps.o
 .comment       0x0000000000000023       0x24 binaries/xsh_sleep.o
 .comment       0x0000000000000023       0x24 binaries/xsh_udpdump.o
 .comment       0x0000000000000023       0x24 binaries/xsh_udpecho.o
 .comment       0x0000000000000023       0x24 binaries/xsh_udpserver.o
 .comment       0x0000000000000023       0x24 binaries/xsh_uptime.o

.note.GNU-stack
                0x0000000000000000        0x0
 .note.GNU-stack
                0x0000000000000000        0x0 binaries/ascdate.o
 .note.GNU-stack
                0x0000000000000000        0x0 binaries/bufinit.o
 .note.GNU-stack
                0x0000000000000000        0x0 binaries/chprio.o
 .note.GNU-stack
                0x0000000000000000        0x0 binaries/clkhandler.o
 .note.GNU-stack
                0x0000000000000000        0x0 binaries/clkinit.o
 .note.GNU-stack
                0x0000000000000000        0x0 binaries/close.o
 .note.GNU-stack
                0x0000000000000000        0x0 binaries/conf.o
 .note.GNU-stack
                0x0000000000000000        0x0 binaries/control.o
 .note.GNU-stack
                0x0000000000000000        0x0 binaries/create.o
 .note.GNU-stack
                0x0000000000000000        0x0 binaries/early_imr.o
 .note.GNU-stack
                0x0000000000000000        0x0 binaries/evec.o
 .note.GNU-stack
                0x0000000000000000        0x0 binaries/exit.o
 .note.GNU-stack
                0x0000000000000000        0x0 binaries/freebuf.o
 .note.GNU-stack
                0x0000000000000000        0x0 binaries/freemem.o
 .note.GNU-stack
                0x0000000000000000        0x0 binaries/getbuf.o
 .note.GNU-stack
                0x0000000000000000        0x0 binaries/getc.o
 .note.GNU-stack
                0x0000000000000000        0x0 binaries/getdev.o
 .note.GNU-stack
                0x0000000000000000        0x0 binaries/getitem.o
 .note.GNU-stack
                0x0000000000000000        0x0 binaries/getmem.o
 .note.GNU-stack
                0x0000000000000000        0x0 binaries/getpid.o
 .note.GNU-stack
                0x0000000000000000        0x0 binaries/getprio.o
 .note.GNU-stack
                0x0000000000000000        0x0 binaries/getstk.o
 .note.GNU-stack
                0x0000000000000000        0x0 binaries/getticks.o
 .note.GNU-stack
                0x0000000000000000        0x0 binaries/gettime.o
 .note.GNU-stack
                0x0000000000000000        0x0 binaries/getutime.o
 .note.GNU-stack
                0x0000000000000000        0x0 binaries/init.o
 .note.GNU-stack
                0x0000000000000000        0x0 binaries/initialize.o
 .note.GNU-stack
                0x0000000000000000        0x0 binaries/insert.o
 .note.GNU-stack
                0x0000000000000000        0x0 binaries/insertd.o
 .note.GNU-stack
                0x0000000000000000        0x0 binaries/ioerr.o
 .note.GNU-stack
                0x0000000000000000        0x0 binaries/ionull.o
 .note.GNU-stack
                0x0000000000000000        0x0 binaries/kill.o
 .note.GNU-stack
                0x0000000000000000        0x0 binaries/kprintf.o
 .note.GNU-stack
                0x0000000000000000        0x0 binaries/main.o
 .note.GNU-stack
                0x0000000000000000        0x0 binaries/mark.o
 .note.GNU-stack
                0x0000000000000000        0x0 binaries/meminit.o
 .note.GNU-stack
                0x0000000000000000        0x0 binaries/mkbufpool.o
 .note.GNU-stack
                0x0000000000000000        0x0 binaries/newqueue.o
 .note.GNU-stack
                0x0000000000000000        0x0 binaries/open.o
 .note.GNU-stack
                0x0000000000000000        0x0 binaries/panic.o
 .note.GNU-stack
                0x0000000000000000        0x0 binaries/pci.o
 .note.GNU-stack
                0x0000000000000000        0x0 binaries/platinit.o
 .note.GNU-stack
                0x0000000000000000        0x0 binaries/ptclear.o
 .note.GNU-stack
                0x0000000000000000        0x0 binaries/ptcount.o
 .note.GNU-stack
                0x0000000000000000        0x0 binaries/ptcreate.o
 .note.GNU-stack
                0x0000000000000000        0x0 binaries/ptdelete.o
 .note.GNU-stack
                0x0000000000000000        0x0 binaries/ptinit.o
 .note.GNU-stack
                0x0000000000000000        0x0 binaries/ptrecv.o
 .note.GNU-stack
                0x0000000000000000        0x0 binaries/ptreset.o
 .note.GNU-stack
                0x0000000000000000        0x0 binaries/ptsend.o
 .note.GNU-stack
                0x0000000000000000        0x0 binaries/putc.o
 .note.GNU-stack
                0x0000000000000000        0x0 binaries/quark_irq.o
 .note.GNU-stack
                0x0000000000000000        0x0 binaries/quark_pdat.o
 .note.GNU-stack
                0x0000000000000000        0x0 binaries/queue.o
 .note.GNU-stack
                0x0000000000000000        0x0 binaries/read.o
 .note.GNU-stack
                0x0000000000000000        0x0 binaries/ready.o
 .note.GNU-stack
                0x0000000000000000        0x0 binaries/receive.o
 .note.GNU-stack
                0x0000000000000000        0x0 binaries/recvclr.o
 .note.GNU-stack
                0x0000000000000000        0x0 binaries/recvtime.o
 .note.GNU-stack
                0x0000000000000000        0x0 binaries/resched.o
 .note.GNU-stack
                0x0000000000000000        0x0 binaries/resume.o
 .note.GNU-stack
                0x0000000000000000        0x0 binaries/seek.o
 .note.GNU-stack
                0x0000000000000000        0x0 binaries/semcount.o
 .note.GNU-stack
                0x0000000000000000        0x0 binaries/semcreate.o
 .note.GNU-stack
                0x0000000000000000        0x0 binaries/semdelete.o
 .note.GNU-stack
                0x0000000000000000        0x0 binaries/semreset.o
 .note.GNU-stack
                0x0000000000000000        0x0 binaries/send.o
 .note.GNU-stack
                0x0000000000000000        0x0 binaries/signal.o
 .note.GNU-stack
                0x0000000000000000        0x0 binaries/signaln.o
 .note.GNU-stack
                0x0000000000000000        0x0 binaries/sleep.o
 .note.GNU-stack
                0x0000000000000000        0x0 binaries/stacktrace.o
 .note.GNU-stack
                0x0000000000000000        0x0 binaries/suspend.o
 .note.GNU-stack
                0x0000000000000000        0x0 binaries/unsleep.o
 .note.GNU-stack
                0x0000000000000000        0x0 binaries/userret.o
 .note.GNU-stack
                0x0000000000000000        0x0 binaries/wait.o
 .note.GNU-stack
                0x0000000000000000        0x0 binaries/wakeup.o
 .note.GNU-stack
                0x0000000000000000        0x0 binaries/write.o
 .note.GNU-stack
                0x0000000000000000        0x0 binaries/xdone.o
 .note.GNU-stack
                0x0000000000000000        0x0 binaries/yield.o
 .note.GNU-stack
                0x0000000000000000        0x0 binaries/abs.o
 .note.GNU-stack
                0x0000000000000000        0x0 binaries/atoi.o
 .note.GNU-stack
                0x0000000000000000        0x0 binaries/atol.o
 .note.GNU-stack
                0x0000000000000000        0x0 binaries/bzero.o
 .note.GNU-stack
                0x0000000000000000        0x0 binaries/ctype_.o
 .note.GNU-stack
                0x0000000000000000        0x0 binaries/doprnt.o
 .note.GNU-stack
                0x0000000000000000        0x0 binaries/doscan.o
 .note.GNU-stack
                0x0000000000000000        0x0 binaries/fdoprnt.o
 .note.GNU-stack
                0x0000000000000000        0x0 binaries/fgetc.o
 .note.GNU-stack
                0x0000000000000000        0x0 binaries/fgets.o
 .note.GNU-stack
                0x0000000000000000        0x0 binaries/fprintf.o
 .note.GNU-stack
                0x0000000000000000        0x0 binaries/fputc.o
 .note.GNU-stack
                0x0000000000000000        0x0 binaries/fputs.o
 .note.GNU-stack
                0x0000000000000000        0x0 binaries/fscanf.o
 .note.GNU-stack
                0x0000000000000000        0x0 binaries/getchar.o
 .note.GNU-stack
                0x0000000000000000        0x0 binaries/labs.o
 .note.GNU-stack
                0x0000000000000000        0x0 binaries/memchr.o
 .note.GNU-stack
                0x0000000000000000        0x0 binaries/memcmp.o
 .note.GNU-stack
                0x0000000000000000        0x0 binaries/memcpy.o
 .note.GNU-stack
                0x0000000000000000        0x0 binaries/memset.o
 .note.GNU-stack
                0x0000000000000000        0x0 binaries/printf.o
 .note.GNU-stack
                0x0000000000000000        0x0 binaries/putchar.o
 .note.GNU-stack
                0x0000000000000000        0x0 binaries/qsort.o
 .note.GNU-stack
                0x0000000000000000        0x0 binaries/rand.o
 .note.GNU-stack
                0x0000000000000000        0x0 binaries/sprintf.o
 .note.GNU-stack
                0x0000000000000000        0x0 binaries/sscanf.o
 .note.GNU-stack
                0x0000000000000000        0x0 binaries/strchr.o
 .note.GNU-stack
                0x0000000000000000        0x0 binaries/strcmp.o
 .note.GNU-stack
                0x0000000000000000        0x0 binaries/strcpy.o
 .note.GNU-stack
                0x0000000000000000        0x0 binaries/strlen.o
 .note.GNU-stack
                0x0000000000000000        0x0 binaries/strncat.o
 .note.GNU-stack
                0x0000000000000000        0x0 binaries/strncmp.o
 .note.GNU-stack
                0x0000000000000000        0x0 binaries/strncpy.o
 .note.GNU-stack
                0x0000000000000000        0x0 binaries/strnlen.o
 .note.GNU-stack
                0x0000000000000000        0x0 binaries/strrchr.o
 .note.GNU-stack
                0x0000000000000000        0x0 binaries/strstr.o
 .note.GNU-stack
                0x0000000000000000        0x0 binaries/ttycontrol.o
 .note.GNU-stack
                0x0000000000000000        0x0 binaries/ttygetc.o
 .note.GNU-stack
                0x0000000000000000        0x0 binaries/ttyhandle_in.o
 .note.GNU-stack
                0x0000000000000000        0x0 binaries/ttyhandle_out.o
 .note.GNU-stack
                0x0000000000000000        0x0 binaries/ttyhandler.o
 .note.GNU-stack
                0x0000000000000000        0x0 binaries/ttyinit.o
 .note.GNU-stack
                0x0000000000000000        0x0 binaries/ttykickout.o
 .note.GNU-stack
                0x0000000000000000        0x0 binaries/ttyputc.o
 .note.GNU-stack
                0x0000000000000000        0x0 binaries/ttyread.o
 .note.GNU-stack
                0x0000000000000000        0x0 binaries/ttywrite.o
 .note.GNU-stack
                0x0000000000000000        0x0 binaries/mount.o
 .note.GNU-stack
                0x0000000000000000        0x0 binaries/naminit.o
 .note.GNU-stack
                0x0000000000000000        0x0 binaries/nammap.o
 .note.GNU-stack
                0x0000000000000000        0x0 binaries/namopen.o
 .note.GNU-stack
                0x0000000000000000        0x0 binaries/ethcontrol.o
 .note.GNU-stack
                0x0000000000000000        0x0 binaries/ethhandler.o
 .note.GNU-stack
                0x0000000000000000        0x0 binaries/ethinit.o
 .note.GNU-stack
                0x0000000000000000        0x0 binaries/ethmcast.o
 .note.GNU-stack
                0x0000000000000000        0x0 binaries/ethread.o
 .note.GNU-stack
                0x0000000000000000        0x0 binaries/ethwrite.o
 .note.GNU-stack
                0x0000000000000000        0x0 binaries/rdsbufalloc.o
 .note.GNU-stack
                0x0000000000000000        0x0 binaries/rdsclose.o
 .note.GNU-stack
                0x0000000000000000        0x0 binaries/rdscomm.o
 .note.GNU-stack
                0x0000000000000000        0x0 binaries/rdscontrol.o
 .note.GNU-stack
                0x0000000000000000        0x0 binaries/rdsinit.o
 .note.GNU-stack
                0x0000000000000000        0x0 binaries/rdsopen.o
 .note.GNU-stack
                0x0000000000000000        0x0 binaries/rdsprocess.o
 .note.GNU-stack
                0x0000000000000000        0x0 binaries/rdsread.o
 .note.GNU-stack
                0x0000000000000000        0x0 binaries/rdswrite.o
 .note.GNU-stack
                0x0000000000000000        0x0 binaries/ramclose.o
 .note.GNU-stack
                0x0000000000000000        0x0 binaries/raminit.o
 .note.GNU-stack
                0x0000000000000000        0x0 binaries/ramopen.o
 .note.GNU-stack
                0x0000000000000000        0x0 binaries/ramread.o
 .note.GNU-stack
                0x0000000000000000        0x0 binaries/ramwrite.o
 .note.GNU-stack
                0x0000000000000000        0x0 binaries/lfdballoc.o
 .note.GNU-stack
                0x0000000000000000        0x0 binaries/lfdbfree.o
 .note.GNU-stack
                0x0000000000000000        0x0 binaries/lfflush.o
 .note.GNU-stack
                0x0000000000000000        0x0 binaries/lfgetmode.o
 .note.GNU-stack
                0x0000000000000000        0x0 binaries/lfiballoc.o
 .note.GNU-stack
                0x0000000000000000        0x0 binaries/lfibclear.o
 .note.GNU-stack
                0x0000000000000000        0x0 binaries/lfibget.o
 .note.GNU-stack
                0x0000000000000000        0x0 binaries/lfibput.o
 .note.GNU-stack
                0x0000000000000000        0x0 binaries/lflclose.o
 .note.GNU-stack
                0x0000000000000000        0x0 binaries/lflcontrol.o
 .note.GNU-stack
                0x0000000000000000        0x0 binaries/lflgetc.o
 .note.GNU-stack
                0x0000000000000000        0x0 binaries/lflinit.o
 .note.GNU-stack
                0x0000000000000000        0x0 binaries/lflputc.o
 .note.GNU-stack
                0x0000000000000000        0x0 binaries/lflread.o
 .note.GNU-stack
                0x0000000000000000        0x0 binaries/lflseek.o
 .note.GNU-stack
                0x0000000000000000        0x0 binaries/lflwrite.o
 .note.GNU-stack
                0x0000000000000000        0x0 binaries/lfscheck.o
 .note.GNU-stack
                0x0000000000000000        0x0 binaries/lfsckfmt.o
 .note.GNU-stack
                0x0000000000000000        0x0 binaries/lfscreate.o
 .note.GNU-stack
                0x0000000000000000        0x0 binaries/lfsetup.o
 .note.GNU-stack
                0x0000000000000000        0x0 binaries/lfsinit.o
 .note.GNU-stack
                0x0000000000000000        0x0 binaries/lfsopen.o
 .note.GNU-stack
                0x0000000000000000        0x0 binaries/lftruncate.o
 .note.GNU-stack
                0x0000000000000000        0x0 binaries/rflclose.o
 .note.GNU-stack
                0x0000000000000000        0x0 binaries/rflgetc.o
 .note.GNU-stack
                0x0000000000000000        0x0 binaries/rflinit.o
 .note.GNU-stack
                0x0000000000000000        0x0 binaries/rflputc.o
 .note.GNU-stack
                0x0000000000000000        0x0 binaries/rflread.o
 .note.GNU-stack
                0x0000000000000000        0x0 binaries/rflseek.o
 .note.GNU-stack
                0x0000000000000000        0x0 binaries/rflwrite.o
 .note.GNU-stack
                0x0000000000000000        0x0 binaries/rfscomm.o
 .note.GNU-stack
                0x0000000000000000        0x0 binaries/rfscontrol.o
 .note.GNU-stack
                0x0000000000000000        0x0 binaries/rfsgetmode.o
 .note.GNU-stack
                0x0000000000000000        0x0 binaries/rfsinit.o
 .note.GNU-stack
                0x0000000000000000        0x0 binaries/rfsndmsg.o
 .note.GNU-stack
                0x0000000000000000        0x0 binaries/rfsopen.o
 .note.GNU-stack
                0x0000000000000000        0x0 binaries/arp.o
 .note.GNU-stack
                0x0000000000000000        0x0 binaries/dhcp.o
 .note.GNU-stack
                0x0000000000000000        0x0 binaries/dns.o
 .note.GNU-stack
                0x0000000000000000        0x0 binaries/dot2ip.o
 .note.GNU-stack
                0x0000000000000000        0x0 binaries/hexdump.o
 .note.GNU-stack
                0x0000000000000000        0x0 binaries/icmp.o
 .note.GNU-stack
                0x0000000000000000        0x0 binaries/ip.o
 .note.GNU-stack
                0x0000000000000000        0x0 binaries/net.o
 .note.GNU-stack
                0x0000000000000000        0x0 binaries/pdump.o
 .note.GNU-stack
                0x0000000000000000        0x0 binaries/tftp.o
 .note.GNU-stack
                0x0000000000000000        0x0 binaries/udp.o
 .note.GNU-stack
                0x0000000000000000        0x0 binaries/addargs.o
 .note.GNU-stack
                0x0000000000000000        0x0 binaries/lexan.o
 .note.GNU-stack
                0x0000000000000000        0x0 binaries/shell.o
 .note.GNU-stack
                0x0000000000000000        0x0 binaries/xsh_argecho.o
 .note.GNU-stack
                0x0000000000000000        0x0 binaries/xsh_arp.o
 .note.GNU-stack
                0x0000000000000000        0x0 binaries/xsh_cat.o
 .note.GNU-stack
                0x0000000000000000        0x0 binaries/xsh_clear.o
 .note.GNU-stack
                0x0000000000000000        0x0 binaries/xsh_date.o
 .note.GNU-stack
                0x0000000000000000        0x0 binaries/xsh_devdump.o
 .note.GNU-stack
                0x0000000000000000        0x0 binaries/xsh_echo.o
 .note.GNU-stack
                0x0000000000000000        0x0 binaries/xsh_exit.o
 .note.GNU-stack
                0x0000000000000000        0x0 binaries/xsh_help.o
 .note.GNU-stack
                0x0000000000000000        0x0 binaries/xsh_kill.o
 .note.GNU-stack
                0x0000000000000000        0x0 binaries/xsh_memdump.o
 .note.GNU-stack
                0x0000000000000000        0x0 binaries/xsh_memstat.o
 .note.GNU-stack
                0x0000000000000000        0x0 binaries/xsh_netinfo.o
 .note.GNU-stack
                0x0000000000000000        0x0 binaries/xsh_ping.o
 .note.GNU-stack
                0x0000000000000000        0x0 binaries/xsh_ps.o
 .note.GNU-stack
                0x0000000000000000        0x0 binaries/xsh_sleep.o
 .note.GNU-stack
                0x0000000000000000        0x0 binaries/xsh_udpdump.o
 .note.GNU-stack
                0x0000000000000000        0x0 binaries/xsh_udpecho.o
 .note.GNU-stack
                0x0000000000000000        0x0 binaries/xsh_udpserver.o
 .note.GNU-stack
                0x0000000000000000        0x0 binaries/xsh_uptime.o
