
Allocating common symbols
Common symbol       size              file

netbufpool          0x4               binaries/net.o
readylist           0x2               binaries/ready.o
rfltab              0x5a0             binaries/rflinit.o
netportseed         0x8               binaries/net.o
sleepq              0x2               binaries/clkinit.o
nnames              0x4               binaries/naminit.o
udptab              0x168             binaries/udp.o
minheap             0x4               binaries/meminit.o
marks               0x50              binaries/mark.o
currpid             0x4               binaries/initialize.o
Lf_data             0x20c             binaries/lfsinit.o
porttab             0x2d0             binaries/ptinit.o
girmask             0x2               binaries/evec.o
ttytab              0x110             binaries/ttyinit.o
proctab             0x1a90            binaries/initialize.o
prcount             0x4               binaries/initialize.o
lfltab              0xf00             binaries/lflinit.o
rdstab              0x8c              binaries/rdsinit.o
ethertab            0x138             binaries/ethinit.o
NetData             0xb0              binaries/net.o
nmarks              0x4               binaries/mark.o
Defer               0x8               binaries/resched.o
semtab              0x4b0             binaries/initialize.o
maxheap             0x4               binaries/meminit.o
preempt             0x4               binaries/clkinit.o
buftab              0xf0              binaries/bufinit.o
Rf_data             0x18              binaries/rfsinit.o
mkmutex             0x4               binaries/mark.o
clktime             0x4               binaries/clkinit.o
arpcache            0x140             binaries/arp.o
icmptab             0x230             binaries/icmp.o
nbpools             0x4               binaries/bufinit.o
queuetab            0x980             binaries/queue.o
ptnextid            0x4               binaries/ptinit.o
Ram                 0x19000           binaries/raminit.o
ipoqueue            0x2c              binaries/ip.o
memlist             0x8               binaries/initialize.o
nametab             0x19a0            binaries/naminit.o
ptfree              0x4               binaries/ptinit.o

Memory Configuration

Name             Origin             Length             Attributes
*default*        0x0000000000000000 0xffffffffffffffff

Linker script and memory map

                0x0000000000100000                physbase = 0x100000
                0x0000000000100000                . = physbase
                0x0000000000100000                . = ALIGN (0x1000)

.text           0x0000000000100000    0x1a000
                0x0000000000100000                text = ABSOLUTE (.)
 *(.text .text.*)
 .text          0x0000000000100000      0x1b4 binaries/start.o
                0x0000000000100024                start
                0x00000000001000f6                inb
                0x00000000001000fe                inw
                0x0000000000100107                inl
                0x000000000010010f                outb
                0x0000000000100119                outw
                0x0000000000100124                outl
                0x000000000010012e                _rtcin
                0x0000000000100139                ___udivsi3
                0x0000000000100144                ___divsi3
                0x0000000000100150                sbzero
                0x0000000000100160                insw
                0x0000000000100176                outsw
                0x000000000010018c                bcopy
                0x00000000001001a0                lidt
                0x00000000001001a8                cpuid
 .text          0x00000000001001b4      0x405 binaries/ascdate.o
                0x00000000001001b4                ascdate
 .text          0x00000000001005b9       0x14 binaries/bufinit.o
                0x00000000001005b9                bufinit
 .text          0x00000000001005cd       0x87 binaries/chprio.o
                0x00000000001005cd                chprio
 .text          0x0000000000100654        0x0 binaries/clkdetour.o
 .text          0x0000000000100654      0x117 binaries/clkhandler.o
                0x0000000000100654                clkhandler
 .text          0x000000000010076b       0x89 binaries/clkinit.o
                0x000000000010076b                clkinit
 .text          0x00000000001007f4       0x6a binaries/close.o
                0x00000000001007f4                close
 .text          0x000000000010085e        0x0 binaries/conf.o
 .text          0x000000000010085e       0x7f binaries/control.o
                0x000000000010085e                control
 .text          0x00000000001008dd      0x2cc binaries/create.o
                0x00000000001008dd                create
 .text          0x0000000000100ba9      0x35f binaries/early_imr.o
                0x0000000000100ba9                intel_cln_early_sb_read_reg
                0x0000000000100c2d                intel_cln_early_sb_write_reg
                0x0000000000100e45                remove_irm_protections
 .text          0x0000000000100f08      0x475 binaries/evec.o
                0x0000000000100f08                initevec
                0x0000000000101026                set_evec
                0x00000000001010c8                setirmask
                0x0000000000101122                trap
 .text          0x000000000010137d       0x15 binaries/exit.o
                0x000000000010137d                exit
 .text          0x0000000000101392       0x82 binaries/freebuf.o
                0x0000000000101392                freebuf
 .text          0x0000000000101414      0x1bc binaries/freemem.o
                0x0000000000101414                freemem
 .text          0x00000000001015d0       0x80 binaries/getbuf.o
                0x00000000001015d0                getbuf
 .text          0x0000000000101650       0x6a binaries/getc.o
                0x0000000000101650                getc
 .text          0x00000000001016ba       0x72 binaries/getdev.o
                0x00000000001016ba                getdev
 .text          0x000000000010172c       0xc8 binaries/getitem.o
                0x000000000010172c                getfirst
                0x000000000010176d                getlast
                0x00000000001017b0                getitem
 .text          0x00000000001017f4      0x2f1 binaries/getmem.o
                0x00000000001017f4                getmem
 .text          0x0000000000101ae5        0xa binaries/getpid.o
                0x0000000000101ae5                getpid
 .text          0x0000000000101aef       0x6f binaries/getprio.o
                0x0000000000101aef                getprio
 .text          0x0000000000101b5e       0xf2 binaries/getstk.o
                0x0000000000101b5e                getstk
 .text          0x0000000000101c50       0x16 binaries/getticks.o
                0x0000000000101c50                getticks
 .text          0x0000000000101c66       0x36 binaries/gettime.o
                0x0000000000101c66                gettime
 .text          0x0000000000101c9c      0x1f3 binaries/getutime.o
                0x0000000000101c9c                getutime
 .text          0x0000000000101e8f       0x6a binaries/init.o
                0x0000000000101e8f                init
 .text          0x0000000000101ef9      0x35d binaries/initialize.o
                0x0000000000101ef9                nulluser
                0x0000000000102201                stop
                0x0000000000102228                delay
 .text          0x0000000000102256       0xda binaries/insert.o
                0x0000000000102256                insert
 .text          0x0000000000102330      0x10c binaries/insertd.o
                0x0000000000102330                insertd
 .text          0x000000000010243c        0xa binaries/ioerr.o
                0x000000000010243c                ioerr
 .text          0x0000000000102446        0xa binaries/ionull.o
                0x0000000000102446                ionull
 .text          0x0000000000102450       0x75 binaries/kheapextract.o
                0x0000000000102450                kheapextract
 .text          0x00000000001024c5        0x0 binaries/kheapflag.o
 .text          0x00000000001024c5       0x93 binaries/kheapinsert.o
                0x00000000001024c5                kheapinsert
 .text          0x0000000000102558      0x1e6 binaries/kill.o
                0x0000000000102558                kill
 .text          0x000000000010273e      0x12f binaries/kprintf.o
                0x000000000010273e                kputc
                0x00000000001027c3                kgetc
                0x0000000000102840                kprintf
 .text          0x000000000010286d      0x584 binaries/main.o
                0x000000000010286d                process_no_free
                0x00000000001028cf                process_multiple_allocs
                0x0000000000102962                process_mixed_free
                0x0000000000102a24                alarm_callback
                0x0000000000102a41                test_alarm_process
                0x0000000000102aeb                multiple_alarms_process
                0x0000000000102c01                bonus_multiple_alarms_process
                0x0000000000102d50                main
 .text          0x0000000000102df1       0xac binaries/mark.o
                0x0000000000102df1                markinit
                0x0000000000102e14                mark
 .text          0x0000000000102e9d      0x2ca binaries/meminit.o
                0x0000000000102e9d                meminit
                0x00000000001030bf                setsegs
 .text          0x0000000000103167      0x15f binaries/mkbufpool.o
                0x0000000000103167                mkbufpool
 .text          0x00000000001032c6       0x94 binaries/newqueue.o
                0x00000000001032c6                newqueue
 .text          0x000000000010335a       0x78 binaries/open.o
                0x000000000010335a                open
 .text          0x00000000001033d2       0x20 binaries/panic.o
                0x00000000001033d2                panic
 .text          0x00000000001033f2      0x48b binaries/pci.o
                0x00000000001033f2                pci_init
                0x000000000010347c                find_pci_device
                0x000000000010357b                pci_read_config_byte
                0x00000000001035e7                pci_read_config_word
                0x0000000000103655                pci_read_config_dword
                0x00000000001036c1                pci_write_config_byte
                0x0000000000103731                pci_write_config_word
                0x00000000001037a3                pci_write_config_dword
                0x000000000010380d                pci_get_dev_mmio_base_addr
 .text          0x000000000010387d       0xdd binaries/platinit.o
                0x000000000010387d                cpu_is_quark
                0x000000000010389a                console_init
                0x00000000001038ed                platinit
 .text          0x000000000010395a       0xe6 binaries/ptclear.o
                0x000000000010395a                _ptclear
 .text          0x0000000000103a40       0x8f binaries/ptcount.o
                0x0000000000103a40                ptcount
 .text          0x0000000000103acf      0x105 binaries/ptcreate.o
                0x0000000000103acf                ptcreate
 .text          0x0000000000103bd4       0x80 binaries/ptdelete.o
                0x0000000000103bd4                ptdelete
 .text          0x0000000000103c54       0xb7 binaries/ptinit.o
                0x0000000000103c54                ptinit
 .text          0x0000000000103d0b      0x10a binaries/ptrecv.o
                0x0000000000103d0b                ptrecv
 .text          0x0000000000103e15       0x78 binaries/ptreset.o
                0x0000000000103e15                ptreset
 .text          0x0000000000103e8d      0x128 binaries/ptsend.o
                0x0000000000103e8d                ptsend
 .text          0x0000000000103fb5       0x78 binaries/putc.o
                0x0000000000103fb5                putc
 .text          0x000000000010402d       0xdf binaries/quark_irq.o
                0x000000000010402d                quark_irq_routing
 .text          0x000000000010410c      0x206 binaries/quark_pdat.o
                0x000000000010410c                get_quark_pdat_entry_data_by_id
                0x0000000000104208                get_quark_pdat_entry_data_by_desc
 .text          0x0000000000104312      0x109 binaries/queue.o
                0x0000000000104312                enqueue
                0x00000000001043b2                dequeue
 .text          0x000000000010441b       0x78 binaries/read.o
                0x000000000010441b                read
 .text          0x0000000000104493       0x7c binaries/ready.o
                0x0000000000104493                ready
 .text          0x000000000010450f       0x5c binaries/receive.o
                0x000000000010450f                receive
 .text          0x000000000010456b       0x58 binaries/recvclr.o
                0x000000000010456b                recvclr
 .text          0x00000000001045c3       0xb7 binaries/recvtime.o
                0x00000000001045c3                recvtime
 .text          0x000000000010467a      0x163 binaries/resched.o
                0x000000000010467a                resched
                0x0000000000104768                resched_cntl
 .text          0x00000000001047dd       0x9e binaries/resume.o
                0x00000000001047dd                resume
 .text          0x000000000010487b       0x71 binaries/seek.o
                0x000000000010487b                seek
 .text          0x00000000001048ec       0x69 binaries/semcount.o
                0x00000000001048ec                semcount
 .text          0x0000000000104955       0xcf binaries/semcreate.o
                0x0000000000104955                semcreate
 .text          0x0000000000104a24       0xba binaries/semdelete.o
                0x0000000000104a24                semdelete
 .text          0x0000000000104ade       0xbc binaries/semreset.o
                0x0000000000104ade                semreset
 .text          0x0000000000104b9a       0xd4 binaries/send.o
                0x0000000000104b9a                send
 .text          0x0000000000104c6e       0x97 binaries/signal.o
                0x0000000000104c6e                signal
 .text          0x0000000000104d05       0xc3 binaries/signaln.o
                0x0000000000104d05                signaln
 .text          0x0000000000104dc8       0xe2 binaries/sleep.o
                0x0000000000104dc8                sleep
                0x0000000000104e12                sleepms
 .text          0x0000000000104eaa      0x1bd binaries/stacktrace.o
                0x0000000000104eaa                stacktrace
 .text          0x0000000000105067       0xd4 binaries/suspend.o
                0x0000000000105067                suspend
 .text          0x000000000010513b       0xd6 binaries/unsleep.o
                0x000000000010513b                unsleep
 .text          0x0000000000105211       0x15 binaries/userret.o
                0x0000000000105211                userret
 .text          0x0000000000105226       0xd0 binaries/wait.o
                0x0000000000105226                wait
 .text          0x00000000001052f6       0x68 binaries/wakeup.o
                0x00000000001052f6                wakeup
 .text          0x000000000010535e       0x78 binaries/write.o
                0x000000000010535e                write
 .text          0x00000000001053d6       0x7e binaries/xalrmreg.o
                0x00000000001053d6                xalrmreg
 .text          0x0000000000105454       0x8e binaries/xalrmset.o
                0x0000000000105454                xalrmset
 .text          0x00000000001054e2       0x19 binaries/xdone.o
                0x00000000001054e2                xdone
 .text          0x00000000001054fb       0xd5 binaries/xinualarm.o
                0x00000000001054fb                xinualarm
 .text          0x00000000001055d0       0x25 binaries/yield.o
                0x00000000001055d0                yield
 .text          0x00000000001055f5       0x11 binaries/abs.o
                0x00000000001055f5                abs
 .text          0x0000000000105606       0x8f binaries/atoi.o
                0x0000000000105606                atoi
 .text          0x0000000000105695       0x8f binaries/atol.o
                0x0000000000105695                atol
 .text          0x0000000000105724       0x31 binaries/bzero.o
                0x0000000000105724                bzero
 .text          0x0000000000105755        0x0 binaries/ctype_.o
 .text          0x0000000000105755      0x8f8 binaries/doprnt.o
                0x0000000000105755                _doprnt
 .text          0x000000000010604d      0x6a2 binaries/doscan.o
                0x000000000010604d                _doscan
 .text          0x00000000001066ef      0x723 binaries/fdoprnt.o
                0x00000000001066ef                _fdoprnt
 .text          0x0000000000106e12       0x26 binaries/fgetc.o
                0x0000000000106e12                fgetc
 .text          0x0000000000106e38       0x72 binaries/fgets.o
                0x0000000000106e38                fgets
 .text          0x0000000000106eaa       0x34 binaries/fprintf.o
                0x0000000000106eaa                fprintf
 .text          0x0000000000106ede       0x2c binaries/fputc.o
                0x0000000000106ede                fputc
 .text          0x0000000000106f0a       0x43 binaries/fputs.o
                0x0000000000106f0a                fputs
 .text          0x0000000000106f4d       0x92 binaries/fscanf.o
                0x0000000000106f4d                fscanf
 .text          0x0000000000106fdf       0x29 binaries/getchar.o
                0x0000000000106fdf                getchar
 .text          0x0000000000107008       0x11 binaries/labs.o
                0x0000000000107008                labs
 .text          0x0000000000107019        0x0 binaries/memchr.o
 .text          0x0000000000107019       0x51 binaries/memcmp.o
                0x0000000000107019                memcmp
 .text          0x000000000010706a       0x3f binaries/memcpy.o
                0x000000000010706a                memcpy
 .text          0x00000000001070a9       0x30 binaries/memset.o
                0x00000000001070a9                memset
 .text          0x00000000001070d9       0x4c binaries/printf.o
                0x00000000001070d9                printf
 .text          0x0000000000107125       0x30 binaries/putchar.o
                0x0000000000107125                putchar
 .text          0x0000000000107155      0x28c binaries/qsort.o
                0x0000000000107155                qsort
 .text          0x00000000001073e1       0x5f binaries/rand.o
                0x00000000001073e1                rand
                0x00000000001073f5                rand_r
                0x0000000000107433                srand
 .text          0x0000000000107440       0x6f binaries/sprintf.o
                0x0000000000107440                sprintf
 .text          0x00000000001074af       0x7f binaries/sscanf.o
                0x00000000001074af                sscanf
 .text          0x000000000010752e       0x3c binaries/strchr.o
                0x000000000010752e                strchr
 .text          0x000000000010756a       0x45 binaries/strcmp.o
                0x000000000010756a                strcmp
 .text          0x00000000001075af       0x27 binaries/strcpy.o
                0x00000000001075af                strcpy
 .text          0x00000000001075d6       0x26 binaries/strlen.o
                0x00000000001075d6                strlen
 .text          0x00000000001075fc       0x56 binaries/strncat.o
                0x00000000001075fc                strncat
 .text          0x0000000000107652       0x5e binaries/strncmp.o
                0x0000000000107652                strncmp
 .text          0x00000000001076b0       0x4f binaries/strncpy.o
                0x00000000001076b0                strncpy
 .text          0x00000000001076ff       0x2e binaries/strnlen.o
                0x00000000001076ff                strnlen
 .text          0x000000000010772d       0x45 binaries/strrchr.o
                0x000000000010772d                strrchr
 .text          0x0000000000107772       0x6d binaries/strstr.o
                0x0000000000107772                strstr
 .text          0x00000000001077df       0xd8 binaries/ttycontrol.o
                0x00000000001077df                ttycontrol
 .text          0x00000000001078b7       0x93 binaries/ttygetc.o
                0x00000000001078b7                ttygetc
 .text          0x000000000010794a      0x741 binaries/ttyhandle_in.o
                0x000000000010794a                ttyhandle_in
 .text          0x000000000010808b      0x17b binaries/ttyhandle_out.o
                0x000000000010808b                ttyhandle_out
 .text          0x0000000000108206       0xb6 binaries/ttyhandler.o
                0x0000000000108206                ttyhandler
 .text          0x00000000001082bc      0x1e7 binaries/ttyinit.o
                0x00000000001082bc                ttyinit
 .text          0x00000000001084a3       0x10 binaries/ttykickout.o
                0x00000000001084a3                ttykickout
 .text          0x00000000001084b3       0xb2 binaries/ttyputc.o
                0x00000000001084b3                ttyputc
 .text          0x0000000000108565      0x10f binaries/ttyread.o
                0x0000000000108565                ttyread
 .text          0x0000000000108674       0x4f binaries/ttywrite.o
                0x0000000000108674                ttywrite
 .text          0x00000000001086c3      0x149 binaries/mount.o
                0x00000000001086c3                mount
                0x00000000001087d6                namlen
 .text          0x000000000010880c      0x20d binaries/naminit.o
                0x000000000010880c                naminit
 .text          0x0000000000108a19      0x216 binaries/nammap.o
                0x0000000000108a19                nammap
                0x0000000000108aaa                namrepl
                0x0000000000108bdf                namcpy
 .text          0x0000000000108c2f       0x55 binaries/namopen.o
                0x0000000000108c2f                namopen
 .text          0x0000000000108c84       0x95 binaries/ethcontrol.o
                0x0000000000108c84                ethcontrol
 .text          0x0000000000108d19      0x181 binaries/ethhandler.o
                0x0000000000108d19                ethhandler
 .text          0x0000000000108e9a      0x74d binaries/ethinit.o
                0x0000000000108e9a                eth_phy_read
                0x0000000000108f04                eth_phy_write
                0x0000000000108f78                eth_phy_reset
                0x00000000001090e0                ethinit
 .text          0x00000000001095e7      0x199 binaries/ethmcast.o
                0x00000000001095e7                ethmcast_add
                0x0000000000109669                ethmcast_remove
 .text          0x0000000000109780      0x199 binaries/ethread.o
                0x0000000000109780                ethread
 .text          0x0000000000109919       0xef binaries/ethwrite.o
                0x0000000000109919                ethwrite
 .text          0x0000000000109a08       0x96 binaries/rdsbufalloc.o
                0x0000000000109a08                rdsbufalloc
 .text          0x0000000000109a9e       0xcc binaries/rdsclose.o
                0x0000000000109a9e                rdsclose
 .text          0x0000000000109b6a      0x2ed binaries/rdscomm.o
                0x0000000000109b6a                rdscomm
 .text          0x0000000000109e57      0x237 binaries/rdscontrol.o
                0x0000000000109e57                rdscontrol
 .text          0x000000000010a08e      0x1ea binaries/rdsinit.o
                0x000000000010a08e                rdsinit
 .text          0x000000000010a278      0x1af binaries/rdsopen.o
                0x000000000010a278                rdsopen
 .text          0x000000000010a427      0x46d binaries/rdsprocess.o
                0x000000000010a427                rdsprocess
 .text          0x000000000010a894      0x255 binaries/rdsread.o
                0x000000000010a894                rdsread
 .text          0x000000000010aae9      0x1ee binaries/rdswrite.o
                0x000000000010aae9                rdswrite
 .text          0x000000000010acd7        0xa binaries/ramclose.o
                0x000000000010acd7                ramclose
 .text          0x000000000010ace1       0x45 binaries/raminit.o
                0x000000000010ace1                raminit
 .text          0x000000000010ad26        0xa binaries/ramopen.o
                0x000000000010ad26                ramopen
 .text          0x000000000010ad30       0x35 binaries/ramread.o
                0x000000000010ad30                ramread
 .text          0x000000000010ad65       0x36 binaries/ramwrite.o
                0x000000000010ad65                ramwrite
 .text          0x000000000010ad9b       0x9e binaries/lfdballoc.o
                0x000000000010ad9b                lfdballoc
 .text          0x000000000010ae39       0x62 binaries/lfdbfree.o
                0x000000000010ae39                lfdbfree
 .text          0x000000000010ae9b       0xbf binaries/lfflush.o
                0x000000000010ae9b                lfflush
 .text          0x000000000010af5a       0xd8 binaries/lfgetmode.o
                0x000000000010af5a                lfgetmode
 .text          0x000000000010b032       0x6c binaries/lfiballoc.o
                0x000000000010b032                lfiballoc
 .text          0x000000000010b09e       0x3b binaries/lfibclear.o
                0x000000000010b09e                lfibclear
 .text          0x000000000010b0d9       0xae binaries/lfibget.o
                0x000000000010b0d9                lfibget
 .text          0x000000000010b187       0xe0 binaries/lfibput.o
                0x000000000010b187                lfibput
 .text          0x000000000010b267       0x93 binaries/lflclose.o
                0x000000000010b267                lflclose
 .text          0x000000000010b2fa       0xb5 binaries/lflcontrol.o
                0x000000000010b2fa                lflcontrol
 .text          0x000000000010b3af       0xdf binaries/lflgetc.o
                0x000000000010b3af                lflgetc
 .text          0x000000000010b48e       0xfb binaries/lflinit.o
                0x000000000010b48e                lflinit
 .text          0x000000000010b589      0x10f binaries/lflputc.o
                0x000000000010b589                lflputc
 .text          0x000000000010b698       0x6d binaries/lflread.o
                0x000000000010b698                lflread
 .text          0x000000000010b705       0x9c binaries/lflseek.o
                0x000000000010b705                lflseek
 .text          0x000000000010b7a1       0x55 binaries/lflwrite.o
                0x000000000010b7a1                lflwrite
 .text          0x000000000010b7f6       0x62 binaries/lfscheck.o
                0x000000000010b7f6                lfscheck
 .text          0x000000000010b858      0x176 binaries/lfsckfmt.o
                0x000000000010b858                lfsckfmt
 .text          0x000000000010b9ce      0x1ce binaries/lfscreate.o
                0x000000000010b9ce                lfscreate
 .text          0x000000000010bb9c      0x282 binaries/lfsetup.o
                0x000000000010bb9c                lfsetup
 .text          0x000000000010be1e       0x55 binaries/lfsinit.o
                0x000000000010be1e                lfsinit
 .text          0x000000000010be73      0x3a0 binaries/lfsopen.o
                0x000000000010be73                lfsopen
 .text          0x000000000010c213      0x161 binaries/lftruncate.o
                0x000000000010c213                lftruncate
 .text          0x000000000010c374       0x65 binaries/rflclose.o
                0x000000000010c374                rflclose
 .text          0x000000000010c3d9       0x38 binaries/rflgetc.o
                0x000000000010c3d9                rflgetc
 .text          0x000000000010c411       0x76 binaries/rflinit.o
                0x000000000010c411                rflinit
 .text          0x000000000010c487       0x39 binaries/rflputc.o
                0x000000000010c487                rflputc
 .text          0x000000000010c4c0      0x345 binaries/rflread.o
                0x000000000010c4c0                rflread
 .text          0x000000000010c805       0x68 binaries/rflseek.o
                0x000000000010c805                rflseek
 .text          0x000000000010c86d      0x336 binaries/rflwrite.o
                0x000000000010c86d                rflwrite
 .text          0x000000000010cba3      0x1e5 binaries/rfscomm.o
                0x000000000010cba3                rfscomm
 .text          0x000000000010cd88      0x273 binaries/rfscontrol.o
                0x000000000010cd88                rfscontrol
 .text          0x000000000010cffb       0xd8 binaries/rfsgetmode.o
                0x000000000010cffb                rfsgetmode
 .text          0x000000000010d0d3       0x7c binaries/rfsinit.o
                0x000000000010d0d3                rfsinit
 .text          0x000000000010d14f      0x128 binaries/rfsndmsg.o
                0x000000000010d14f                rfsndmsg
 .text          0x000000000010d277      0x28d binaries/rfsopen.o
                0x000000000010d277                rfsopen
 .text          0x000000000010d504      0x855 binaries/arp.o
                0x000000000010d504                arp_init
                0x000000000010d536                arp_resolve
                0x000000000010d803                arp_in
                0x000000000010dab5                arp_alloc
                0x000000000010db81                arp_ntoh
                0x000000000010dc6d                arp_hton
 .text          0x000000000010dd59      0x947 binaries/dhcp.o
                0x000000000010dd59                dhcp_get_opt_val
                0x000000000010ddb2                dhcp_bld_bootp_msg
                0x000000000010dedc                dhcp_bld_disc
                0x000000000010dfc2                dhcp_bld_req
                0x000000000010e13f                getlocalip
 .text          0x000000000010e6a0      0x5e1 binaries/dns.o
                0x000000000010e6a0                dnslookup
 .text          0x000000000010ec81       0xe6 binaries/dot2ip.o
                0x000000000010ec81                dot2ip
 .text          0x000000000010ed67      0x468 binaries/hexdump.o
                0x000000000010ed67                hexdump
                0x000000000010eeea                hexadump
 .text          0x000000000010f1cf      0x881 binaries/icmp.o
                0x000000000010f1cf                icmp_init
                0x000000000010f205                icmp_in
                0x000000000010f3d1                icmp_register
                0x000000000010f4c3                icmp_recv
                0x000000000010f63c                icmp_send
                0x000000000010f6d1                icmp_mkpkt
                0x000000000010f7ec                icmp_release
                0x000000000010f8dc                icmp_cksum
                0x000000000010f968                icmp_hton
                0x000000000010f9dc                icmp_ntoh
 .text          0x000000000010fa50      0x829 binaries/ip.o
                0x000000000010fa50                ip_in
                0x000000000010fba8                ip_send
                0x000000000010fcea                ip_local
                0x000000000010fd2d                ip_out
                0x000000000010fe5a                ipcksum
                0x000000000010fee0                ip_ntoh
                0x000000000010ffcc                ip_hton
                0x00000000001100b8                ipout
                0x00000000001101da                ip_enqueue
 .text          0x0000000000110279      0x2ed binaries/net.o
                0x0000000000110279                net_init
                0x00000000001103d1                netin
                0x000000000011047d                eth_hton
                0x00000000001104a7                eth_ntoh
                0x00000000001104d1                getport
 .text          0x0000000000110566     0x1539 binaries/pdump.o
                0x0000000000110566                pdump
                0x0000000000111382                pdumph
 .text          0x0000000000111a9f      0x4fd binaries/tftp.o
                0x0000000000111a9f                tftp_send1
                0x0000000000111c2f                tftpget
 .text          0x0000000000111f9c      0xb18 binaries/udp.o
                0x0000000000111f9c                udp_init
                0x0000000000111fd0                udp_in
                0x000000000011210b                udp_register
                0x000000000011223f                udp_recv
                0x00000000001123c5                udp_recvaddr
                0x0000000000112563                udp_send
                0x000000000011273a                udp_sendto
                0x00000000001128dd                udp_release
                0x00000000001129ca                udp_ntoh
                0x0000000000112a3f                udp_hton
 .text          0x0000000000112ab4      0x134 binaries/addargs.o
                0x0000000000112ab4                addargs
 .text          0x0000000000112be8      0x2c9 binaries/lexan.o
                0x0000000000112be8                lexan
 .text          0x0000000000112eb1      0x6e7 binaries/shell.o
                0x0000000000112eb1                shell
 .text          0x0000000000113598       0x68 binaries/xsh_argecho.o
                0x0000000000113598                xsh_argecho
 .text          0x0000000000113600      0x23a binaries/xsh_arp.o
                0x0000000000113600                xsh_arp
 .text          0x000000000011383a      0x23f binaries/xsh_cat.o
                0x000000000011383a                xsh_cat
 .text          0x0000000000113a79       0x58 binaries/xsh_clear.o
                0x0000000000113a79                xsh_clear
 .text          0x0000000000113ad1      0x2db binaries/xsh_date.o
                0x0000000000113ad1                xsh_date
 .text          0x0000000000113dac       0xaa binaries/xsh_devdump.o
                0x0000000000113dac                xsh_devdump
 .text          0x0000000000113e56       0x6c binaries/xsh_echo.o
                0x0000000000113e56                xsh_echo
 .text          0x0000000000113ec2        0xa binaries/xsh_exit.o
                0x0000000000113ec2                xsh_exit
 .text          0x0000000000113ecc      0x366 binaries/xsh_help.o
                0x0000000000113ecc                xsh_help
 .text          0x0000000000114232      0x22d binaries/xsh_kill.o
                0x0000000000114232                xsh_kill
 .text          0x000000000011445f      0x504 binaries/xsh_memdump.o
                0x000000000011445f                xsh_memdump
 .text          0x0000000000114963      0x28f binaries/xsh_memstat.o
                0x0000000000114963                xsh_memstat
 .text          0x0000000000114bf2      0x5aa binaries/xsh_netinfo.o
                0x0000000000114bf2                xsh_netinfo
 .text          0x000000000011519c      0x490 binaries/xsh_ping.o
                0x000000000011519c                xsh_ping
 .text          0x000000000011562c      0x257 binaries/xsh_ps.o
                0x000000000011562c                xsh_ps
 .text          0x0000000000115883      0x20a binaries/xsh_sleep.o
                0x0000000000115883                xsh_sleep
 .text          0x0000000000115a8d      0x2b0 binaries/xsh_udpdump.o
                0x0000000000115a8d                xsh_udpdump
 .text          0x0000000000115d3d      0x4b5 binaries/xsh_udpecho.o
                0x0000000000115d3d                xsh_udpecho
 .text          0x00000000001161f2      0x2c0 binaries/xsh_udpserver.o
                0x00000000001161f2                xsh_udpeserver
 .text          0x00000000001164b2      0x1db binaries/xsh_uptime.o
                0x00000000001164b2                xsh_uptime
 .text          0x000000000011668d       0x35 binaries/clkdisp.o
                0x000000000011668d                clkdisp
 .text          0x00000000001166c2       0x19 binaries/ctxsw.o
                0x00000000001166c2                ctxsw
 .text          0x00000000001166db      0x368 binaries/intr.o
                0x00000000001166db                disable
                0x00000000001166e4                restore
                0x00000000001166f2                enable
                0x00000000001166f4                pause
                0x00000000001166fb                halt
                0x00000000001166fe                spurious_irq7
                0x0000000000116703                spurious_irq15
                0x0000000000116712                _Xint0
                0x000000000011671d                _Xint1
                0x0000000000116728                _Xint2
                0x0000000000116733                _Xint3
                0x000000000011673e                _Xint4
                0x0000000000116749                _Xint5
                0x0000000000116754                _Xint6
                0x000000000011675f                _Xint7
                0x000000000011676a                _Xint8
                0x0000000000116775                _Xint9
                0x0000000000116780                _Xint10
                0x000000000011678b                _Xint11
                0x0000000000116799                _Xint12
                0x00000000001167a7                _Xint13
                0x00000000001167b5                _Xint14
                0x00000000001167c3                _Xint15
                0x00000000001167d1                _Xint16
                0x00000000001167df                _Xint17
                0x00000000001167ed                _Xint18
                0x00000000001167fb                _Xint19
                0x0000000000116809                _Xint20
                0x0000000000116817                _Xint21
                0x0000000000116825                _Xint22
                0x0000000000116833                _Xint23
                0x0000000000116841                _Xint24
                0x000000000011684f                _Xint25
                0x000000000011685d                _Xint26
                0x000000000011686b                _Xint27
                0x0000000000116879                _Xint28
                0x0000000000116887                _Xint29
                0x0000000000116895                _Xint30
                0x00000000001168a3                _Xint31
                0x00000000001168b1                _Xint32
                0x00000000001168bf                _Xint33
                0x00000000001168cd                _Xint34
                0x00000000001168db                _Xint35
                0x00000000001168e9                _Xint36
                0x00000000001168f7                _Xint37
                0x0000000000116905                _Xint38
                0x0000000000116913                _Xint39
                0x0000000000116921                _Xint40
                0x000000000011692f                _Xint41
                0x000000000011693d                _Xint42
                0x000000000011694b                _Xint43
                0x0000000000116959                _Xint44
                0x0000000000116967                _Xint45
                0x0000000000116975                _Xint46
                0x0000000000116983                defevec
 .text          0x0000000000116a43        0xf binaries/ttydispatch.o
                0x0000000000116a43                ttydispatch
 .text          0x0000000000116a52       0x13 binaries/ethdispatch.o
                0x0000000000116a52                ethdispatch
 *(.rodata .rodata.*)
 *fill*         0x0000000000116a65        0x3 
 .rodata        0x0000000000116a68       0x8e binaries/ascdate.o
 .rodata        0x0000000000116af6       0xae binaries/conf.o
 .rodata        0x0000000000116ba4       0x7f binaries/early_imr.o
 *fill*         0x0000000000116c23        0x1 
 .rodata        0x0000000000116c24      0x231 binaries/evec.o
 *fill*         0x0000000000116e55        0x3 
 .rodata        0x0000000000116e58       0x61 binaries/getutime.o
 *fill*         0x0000000000116eb9        0x3 
 .rodata        0x0000000000116ebc      0x159 binaries/initialize.o
 *fill*         0x0000000000117015        0x3 
 .rodata        0x0000000000117018       0x20 binaries/kill.o
 .rodata        0x0000000000117038      0x26c binaries/main.o
 .rodata        0x00000000001172a4       0x3e binaries/meminit.o
 .rodata        0x00000000001172e2        0xf binaries/panic.o
 .rodata        0x00000000001172f1       0x1d binaries/ptinit.o
 *fill*         0x000000000011730e        0x2 
 .rodata        0x0000000000117310       0x25 binaries/ptsend.o
 .rodata        0x0000000000117335       0x22 binaries/quark_pdat.o
 *fill*         0x0000000000117357        0x1 
 .rodata        0x0000000000117358       0xb7 binaries/stacktrace.o
 *fill*         0x000000000011740f        0x1 
 .rodata        0x0000000000117410       0x27 binaries/xdone.o
 *fill*         0x0000000000117437        0x9 
 .rodata        0x0000000000117440       0x81 binaries/ctype_.o
                0x0000000000117440                _ctype_
 *fill*         0x00000000001174c1        0x3 
 .rodata        0x00000000001174c4       0xee binaries/doprnt.o
 *fill*         0x00000000001175b2        0x2 
 .rodata        0x00000000001175b4       0x98 binaries/doscan.o
 .rodata        0x000000000011764c       0xae binaries/fdoprnt.o
 *fill*         0x00000000001176fa        0x2 
 .rodata        0x00000000001176fc       0x20 binaries/ttycontrol.o
 .rodata        0x000000000011771c       0x34 binaries/ttyhandler.o
 .rodata        0x0000000000117750       0x80 binaries/naminit.o
 .rodata        0x00000000001177d0       0x46 binaries/ethinit.o
 *fill*         0x0000000000117816        0x2 
 .rodata        0x0000000000117818       0x2c binaries/rdsbufalloc.o
 .rodata        0x0000000000117844       0x76 binaries/rdscomm.o
 *fill*         0x00000000001178ba        0x2 
 .rodata        0x00000000001178bc       0x48 binaries/rdscontrol.o
 .rodata        0x0000000000117904       0x96 binaries/rdsinit.o
 *fill*         0x000000000011799a        0x2 
 .rodata        0x000000000011799c       0x22 binaries/rdsopen.o
 *fill*         0x00000000001179be        0x2 
 .rodata        0x00000000001179c0       0x4d binaries/rdsprocess.o
 .rodata        0x0000000000117a0d        0x9 binaries/raminit.o
 *fill*         0x0000000000117a16        0x2 
 .rodata        0x0000000000117a18       0x37 binaries/lfdballoc.o
 .rodata        0x0000000000117a4f       0x14 binaries/lfiballoc.o
 *fill*         0x0000000000117a63        0x1 
 .rodata        0x0000000000117a64       0x23 binaries/lflcontrol.o
 *fill*         0x0000000000117a87        0x1 
 .rodata        0x0000000000117a88      0x11b binaries/lfsckfmt.o
 *fill*         0x0000000000117ba3        0x1 
 .rodata        0x0000000000117ba4       0x2a binaries/lfsopen.o
 *fill*         0x0000000000117bce        0x2 
 .rodata        0x0000000000117bd0       0x21 binaries/rflread.o
 *fill*         0x0000000000117bf1        0x3 
 .rodata        0x0000000000117bf4       0x21 binaries/rflwrite.o
 *fill*         0x0000000000117c15        0x3 
 .rodata        0x0000000000117c18       0x75 binaries/rfscomm.o
 *fill*         0x0000000000117c8d        0x3 
 .rodata        0x0000000000117c90       0x3c binaries/rfscontrol.o
 .rodata        0x0000000000117ccc       0x63 binaries/rfsinit.o
 *fill*         0x0000000000117d2f        0x1 
 .rodata        0x0000000000117d30       0x2a binaries/rfsndmsg.o
 *fill*         0x0000000000117d5a        0x2 
 .rodata        0x0000000000117d5c       0x22 binaries/rfsopen.o
 *fill*         0x0000000000117d7e        0x2 
 .rodata        0x0000000000117d80       0x3a binaries/arp.o
 *fill*         0x0000000000117dba        0x2 
 .rodata        0x0000000000117dbc       0xcf binaries/dhcp.o
 .rodata        0x0000000000117e8b       0x1a binaries/dns.o
 *fill*         0x0000000000117ea5        0x3 
 .rodata        0x0000000000117ea8       0xc9 binaries/hexdump.o
 *fill*         0x0000000000117f71        0x3 
 .rodata        0x0000000000117f74       0x29 binaries/icmp.o
 *fill*         0x0000000000117f9d        0x3 
 .rodata        0x0000000000117fa0       0x6e binaries/ip.o
 *fill*         0x000000000011800e        0x2 
 .rodata        0x0000000000118010       0x4f binaries/net.o
 *fill*         0x000000000011805f        0x1 
 .rodata        0x0000000000118060      0x26f binaries/pdump.o
 *fill*         0x00000000001182cf        0x1 
 .rodata        0x00000000001182d0      0x10c binaries/tftp.o
 *fill*         0x00000000001183dc        0x4 
 .rodata        0x00000000001183e0      0x3c1 binaries/shell.o
                0x0000000000118460                cmdtab
 .rodata        0x00000000001187a1       0x28 binaries/xsh_argecho.o
 *fill*         0x00000000001187c9        0x3 
 .rodata        0x00000000001187cc      0x123 binaries/xsh_arp.o
 *fill*         0x00000000001188ef        0x1 
 .rodata        0x00000000001188f0       0xc9 binaries/xsh_cat.o
 .rodata        0x00000000001189b9       0x19 binaries/xsh_clear.o
 *fill*         0x00000000001189d2        0x2 
 .rodata        0x00000000001189d4      0x1c3 binaries/xsh_date.o
 .rodata        0x0000000000118b97       0x5d binaries/xsh_devdump.o
 .rodata        0x0000000000118bf4        0x9 binaries/xsh_echo.o
 *fill*         0x0000000000118bfd        0x3 
 .rodata        0x0000000000118c00      0x169 binaries/xsh_help.o
 *fill*         0x0000000000118d69        0x3 
 .rodata        0x0000000000118d6c      0x12e binaries/xsh_kill.o
 *fill*         0x0000000000118e9a        0x2 
 .rodata        0x0000000000118e9c      0x266 binaries/xsh_memdump.o
 *fill*         0x0000000000119102        0x2 
 .rodata        0x0000000000119104      0x225 binaries/xsh_memstat.o
 *fill*         0x0000000000119329        0x3 
 .rodata        0x000000000011932c      0x1b0 binaries/xsh_netinfo.o
 .rodata        0x00000000001194dc      0x1a1 binaries/xsh_ping.o
 *fill*         0x000000000011967d        0x3 
 .rodata        0x0000000000119680      0x1e0 binaries/xsh_ps.o
 .rodata        0x0000000000119860       0xeb binaries/xsh_sleep.o
 *fill*         0x000000000011994b        0x1 
 .rodata        0x000000000011994c      0x1b8 binaries/xsh_udpdump.o
 .rodata        0x0000000000119b04      0x215 binaries/xsh_udpecho.o
 *fill*         0x0000000000119d19        0x3 
 .rodata        0x0000000000119d1c      0x12b binaries/xsh_udpserver.o
 *fill*         0x0000000000119e47        0x1 
 .rodata        0x0000000000119e48      0x105 binaries/xsh_uptime.o
                0x0000000000119f4d                etext = ABSOLUTE (.)
                0x000000000011a000                . = ALIGN (0x1000)
 *fill*         0x0000000000119f4d       0xb3 

.eh_frame       0x000000000011a000     0x2d4c
 .eh_frame      0x000000000011a000       0x40 binaries/ascdate.o
 .eh_frame      0x000000000011a040       0x20 binaries/bufinit.o
                                         0x38 (size before relaxing)
 .eh_frame      0x000000000011a060       0x20 binaries/chprio.o
                                         0x38 (size before relaxing)
 .eh_frame      0x000000000011a080       0x20 binaries/clkhandler.o
                                         0x38 (size before relaxing)
 .eh_frame      0x000000000011a0a0       0x20 binaries/clkinit.o
                                         0x38 (size before relaxing)
 .eh_frame      0x000000000011a0c0       0x20 binaries/close.o
                                         0x38 (size before relaxing)
 .eh_frame      0x000000000011a0e0       0x20 binaries/control.o
                                         0x38 (size before relaxing)
 .eh_frame      0x000000000011a100       0x40 binaries/create.o
                                         0x58 (size before relaxing)
 .eh_frame      0x000000000011a140      0x104 binaries/early_imr.o
                                        0x11c (size before relaxing)
 .eh_frame      0x000000000011a244       0x80 binaries/evec.o
                                         0x98 (size before relaxing)
 .eh_frame      0x000000000011a2c4       0x20 binaries/exit.o
                                         0x38 (size before relaxing)
 .eh_frame      0x000000000011a2e4       0x20 binaries/freebuf.o
                                         0x38 (size before relaxing)
 .eh_frame      0x000000000011a304       0x20 binaries/freemem.o
                                         0x38 (size before relaxing)
 .eh_frame      0x000000000011a324       0x20 binaries/getbuf.o
                                         0x38 (size before relaxing)
 .eh_frame      0x000000000011a344       0x20 binaries/getc.o
                                         0x38 (size before relaxing)
 .eh_frame      0x000000000011a364       0x20 binaries/getdev.o
                                         0x38 (size before relaxing)
 .eh_frame      0x000000000011a384       0x60 binaries/getitem.o
                                         0x78 (size before relaxing)
 .eh_frame      0x000000000011a3e4       0x28 binaries/getmem.o
                                         0x40 (size before relaxing)
 .eh_frame      0x000000000011a40c       0x20 binaries/getpid.o
                                         0x38 (size before relaxing)
 .eh_frame      0x000000000011a42c       0x20 binaries/getprio.o
                                         0x38 (size before relaxing)
 .eh_frame      0x000000000011a44c       0x20 binaries/getstk.o
                                         0x38 (size before relaxing)
 .eh_frame      0x000000000011a46c       0x20 binaries/getticks.o
                                         0x38 (size before relaxing)
 .eh_frame      0x000000000011a48c       0x20 binaries/gettime.o
                                         0x38 (size before relaxing)
 .eh_frame      0x000000000011a4ac       0x20 binaries/getutime.o
                                         0x38 (size before relaxing)
 .eh_frame      0x000000000011a4cc       0x20 binaries/init.o
                                         0x38 (size before relaxing)
 .eh_frame      0x000000000011a4ec       0x9c binaries/initialize.o
                                         0xb4 (size before relaxing)
 .eh_frame      0x000000000011a588       0x20 binaries/insert.o
                                         0x38 (size before relaxing)
 .eh_frame      0x000000000011a5a8       0x20 binaries/insertd.o
                                         0x38 (size before relaxing)
 .eh_frame      0x000000000011a5c8       0x20 binaries/ioerr.o
                                         0x38 (size before relaxing)
 .eh_frame      0x000000000011a5e8       0x20 binaries/ionull.o
                                         0x38 (size before relaxing)
 .eh_frame      0x000000000011a608       0x20 binaries/kheapextract.o
                                         0x38 (size before relaxing)
 .eh_frame      0x000000000011a628       0x20 binaries/kheapinsert.o
                                         0x38 (size before relaxing)
 .eh_frame      0x000000000011a648       0x20 binaries/kill.o
                                         0x38 (size before relaxing)
 .eh_frame      0x000000000011a668       0x60 binaries/kprintf.o
                                         0x78 (size before relaxing)
 .eh_frame      0x000000000011a6c8      0x108 binaries/main.o
                                        0x120 (size before relaxing)
 .eh_frame      0x000000000011a7d0       0x40 binaries/mark.o
                                         0x58 (size before relaxing)
 .eh_frame      0x000000000011a810       0x48 binaries/meminit.o
                                         0x60 (size before relaxing)
 .eh_frame      0x000000000011a858       0x20 binaries/mkbufpool.o
                                         0x38 (size before relaxing)
 .eh_frame      0x000000000011a878       0x20 binaries/newqueue.o
                                         0x38 (size before relaxing)
 .eh_frame      0x000000000011a898       0x20 binaries/open.o
                                         0x38 (size before relaxing)
 .eh_frame      0x000000000011a8b8       0x1c binaries/panic.o
                                         0x34 (size before relaxing)
 .eh_frame      0x000000000011a8d4      0x1c0 binaries/pci.o
                                        0x1d8 (size before relaxing)
 .eh_frame      0x000000000011aa94       0x60 binaries/platinit.o
                                         0x78 (size before relaxing)
 .eh_frame      0x000000000011aaf4       0x20 binaries/ptclear.o
                                         0x38 (size before relaxing)
 .eh_frame      0x000000000011ab14       0x20 binaries/ptcount.o
                                         0x38 (size before relaxing)
 .eh_frame      0x000000000011ab34       0x20 binaries/ptcreate.o
                                         0x38 (size before relaxing)
 .eh_frame      0x000000000011ab54       0x20 binaries/ptdelete.o
                                         0x38 (size before relaxing)
 .eh_frame      0x000000000011ab74       0x20 binaries/ptinit.o
                                         0x38 (size before relaxing)
 .eh_frame      0x000000000011ab94       0x20 binaries/ptrecv.o
                                         0x38 (size before relaxing)
 .eh_frame      0x000000000011abb4       0x20 binaries/ptreset.o
                                         0x38 (size before relaxing)
 .eh_frame      0x000000000011abd4       0x20 binaries/ptsend.o
                                         0x38 (size before relaxing)
 .eh_frame      0x000000000011abf4       0x20 binaries/putc.o
                                         0x38 (size before relaxing)
 .eh_frame      0x000000000011ac14       0x20 binaries/quark_irq.o
                                         0x38 (size before relaxing)
 .eh_frame      0x000000000011ac34       0x40 binaries/quark_pdat.o
                                         0x58 (size before relaxing)
 .eh_frame      0x000000000011ac74       0x40 binaries/queue.o
                                         0x58 (size before relaxing)
 .eh_frame      0x000000000011acb4       0x20 binaries/read.o
                                         0x38 (size before relaxing)
 .eh_frame      0x000000000011acd4       0x24 binaries/ready.o
                                         0x3c (size before relaxing)
 .eh_frame      0x000000000011acf8       0x20 binaries/receive.o
                                         0x38 (size before relaxing)
 .eh_frame      0x000000000011ad18       0x20 binaries/recvclr.o
                                         0x38 (size before relaxing)
 .eh_frame      0x000000000011ad38       0x20 binaries/recvtime.o
                                         0x38 (size before relaxing)
 .eh_frame      0x000000000011ad58       0x40 binaries/resched.o
                                         0x58 (size before relaxing)
 .eh_frame      0x000000000011ad98       0x20 binaries/resume.o
                                         0x38 (size before relaxing)
 .eh_frame      0x000000000011adb8       0x20 binaries/seek.o
                                         0x38 (size before relaxing)
 .eh_frame      0x000000000011add8       0x20 binaries/semcount.o
                                         0x38 (size before relaxing)
 .eh_frame      0x000000000011adf8       0x40 binaries/semcreate.o
                                         0x58 (size before relaxing)
 .eh_frame      0x000000000011ae38       0x20 binaries/semdelete.o
                                         0x38 (size before relaxing)
 .eh_frame      0x000000000011ae58       0x20 binaries/semreset.o
                                         0x38 (size before relaxing)
 .eh_frame      0x000000000011ae78       0x20 binaries/send.o
                                         0x38 (size before relaxing)
 .eh_frame      0x000000000011ae98       0x20 binaries/signal.o
                                         0x38 (size before relaxing)
 .eh_frame      0x000000000011aeb8       0x20 binaries/signaln.o
                                         0x38 (size before relaxing)
 .eh_frame      0x000000000011aed8       0x40 binaries/sleep.o
                                         0x58 (size before relaxing)
 .eh_frame      0x000000000011af18       0x20 binaries/stacktrace.o
                                         0x38 (size before relaxing)
 .eh_frame      0x000000000011af38       0x20 binaries/suspend.o
                                         0x38 (size before relaxing)
 .eh_frame      0x000000000011af58       0x20 binaries/unsleep.o
                                         0x38 (size before relaxing)
 .eh_frame      0x000000000011af78       0x20 binaries/userret.o
                                         0x38 (size before relaxing)
 .eh_frame      0x000000000011af98       0x20 binaries/wait.o
                                         0x38 (size before relaxing)
 .eh_frame      0x000000000011afb8       0x20 binaries/wakeup.o
                                         0x38 (size before relaxing)
 .eh_frame      0x000000000011afd8       0x20 binaries/write.o
                                         0x38 (size before relaxing)
 .eh_frame      0x000000000011aff8       0x20 binaries/xalrmreg.o
                                         0x38 (size before relaxing)
 .eh_frame      0x000000000011b018       0x20 binaries/xalrmset.o
                                         0x38 (size before relaxing)
 .eh_frame      0x000000000011b038       0x20 binaries/xdone.o
                                         0x38 (size before relaxing)
 .eh_frame      0x000000000011b058       0x20 binaries/xinualarm.o
                                         0x38 (size before relaxing)
 .eh_frame      0x000000000011b078       0x20 binaries/yield.o
                                         0x38 (size before relaxing)
 .eh_frame      0x000000000011b098       0x20 binaries/abs.o
                                         0x38 (size before relaxing)
 .eh_frame      0x000000000011b0b8       0x20 binaries/atoi.o
                                         0x38 (size before relaxing)
 .eh_frame      0x000000000011b0d8       0x20 binaries/atol.o
                                         0x38 (size before relaxing)
 .eh_frame      0x000000000011b0f8       0x20 binaries/bzero.o
                                         0x38 (size before relaxing)
 .eh_frame      0x000000000011b118       0xe4 binaries/doprnt.o
                                         0xfc (size before relaxing)
 .eh_frame      0x000000000011b1fc       0xb0 binaries/doscan.o
                                         0xc8 (size before relaxing)
 .eh_frame      0x000000000011b2ac       0xc0 binaries/fdoprnt.o
                                         0xd8 (size before relaxing)
 .eh_frame      0x000000000011b36c       0x20 binaries/fgetc.o
                                         0x38 (size before relaxing)
 .eh_frame      0x000000000011b38c       0x20 binaries/fgets.o
                                         0x38 (size before relaxing)
 .eh_frame      0x000000000011b3ac       0x20 binaries/fprintf.o
                                         0x38 (size before relaxing)
 .eh_frame      0x000000000011b3cc       0x20 binaries/fputc.o
                                         0x38 (size before relaxing)
 .eh_frame      0x000000000011b3ec       0x20 binaries/fputs.o
                                         0x38 (size before relaxing)
 .eh_frame      0x000000000011b40c       0x60 binaries/fscanf.o
                                         0x78 (size before relaxing)
 .eh_frame      0x000000000011b46c       0x20 binaries/getchar.o
                                         0x38 (size before relaxing)
 .eh_frame      0x000000000011b48c       0x20 binaries/labs.o
                                         0x38 (size before relaxing)
 .eh_frame      0x000000000011b4ac       0x20 binaries/memcmp.o
                                         0x38 (size before relaxing)
 .eh_frame      0x000000000011b4cc       0x24 binaries/memcpy.o
                                         0x3c (size before relaxing)
 .eh_frame      0x000000000011b4f0       0x24 binaries/memset.o
                                         0x3c (size before relaxing)
 .eh_frame      0x000000000011b514       0x20 binaries/printf.o
                                         0x38 (size before relaxing)
 .eh_frame      0x000000000011b534       0x20 binaries/putchar.o
                                         0x38 (size before relaxing)
 .eh_frame      0x000000000011b554       0xa8 binaries/qsort.o
                                         0xc0 (size before relaxing)
 .eh_frame      0x000000000011b5fc       0x60 binaries/rand.o
                                         0x78 (size before relaxing)
 .eh_frame      0x000000000011b65c       0x40 binaries/sprintf.o
                                         0x58 (size before relaxing)
 .eh_frame      0x000000000011b69c       0x60 binaries/sscanf.o
                                         0x78 (size before relaxing)
 .eh_frame      0x000000000011b6fc       0x20 binaries/strchr.o
                                         0x38 (size before relaxing)
 .eh_frame      0x000000000011b71c       0x20 binaries/strcmp.o
                                         0x38 (size before relaxing)
 .eh_frame      0x000000000011b73c       0x20 binaries/strcpy.o
                                         0x38 (size before relaxing)
 .eh_frame      0x000000000011b75c       0x20 binaries/strlen.o
                                         0x38 (size before relaxing)
 .eh_frame      0x000000000011b77c       0x20 binaries/strncat.o
                                         0x38 (size before relaxing)
 .eh_frame      0x000000000011b79c       0x20 binaries/strncmp.o
                                         0x38 (size before relaxing)
 .eh_frame      0x000000000011b7bc       0x28 binaries/strncpy.o
                                         0x40 (size before relaxing)
 .eh_frame      0x000000000011b7e4       0x20 binaries/strnlen.o
                                         0x38 (size before relaxing)
 .eh_frame      0x000000000011b804       0x20 binaries/strrchr.o
                                         0x38 (size before relaxing)
 .eh_frame      0x000000000011b824       0x20 binaries/strstr.o
                                         0x38 (size before relaxing)
 .eh_frame      0x000000000011b844       0x20 binaries/ttycontrol.o
                                         0x38 (size before relaxing)
 .eh_frame      0x000000000011b864       0x20 binaries/ttygetc.o
                                         0x38 (size before relaxing)
 .eh_frame      0x000000000011b884       0x80 binaries/ttyhandle_in.o
                                         0x98 (size before relaxing)
 .eh_frame      0x000000000011b904       0x20 binaries/ttyhandle_out.o
                                         0x38 (size before relaxing)
 .eh_frame      0x000000000011b924       0x20 binaries/ttyhandler.o
                                         0x38 (size before relaxing)
 .eh_frame      0x000000000011b944       0x20 binaries/ttyinit.o
                                         0x38 (size before relaxing)
 .eh_frame      0x000000000011b964       0x20 binaries/ttykickout.o
                                         0x38 (size before relaxing)
 .eh_frame      0x000000000011b984       0x20 binaries/ttyputc.o
                                         0x38 (size before relaxing)
 .eh_frame      0x000000000011b9a4       0x28 binaries/ttyread.o
                                         0x40 (size before relaxing)
 .eh_frame      0x000000000011b9cc       0x20 binaries/ttywrite.o
                                         0x38 (size before relaxing)
 .eh_frame      0x000000000011b9ec       0x40 binaries/mount.o
                                         0x58 (size before relaxing)
 .eh_frame      0x000000000011ba2c       0x20 binaries/naminit.o
                                         0x38 (size before relaxing)
 .eh_frame      0x000000000011ba4c       0x60 binaries/nammap.o
                                         0x78 (size before relaxing)
 .eh_frame      0x000000000011baac       0x20 binaries/namopen.o
                                         0x38 (size before relaxing)
 .eh_frame      0x000000000011bacc       0x20 binaries/ethcontrol.o
                                         0x38 (size before relaxing)
 .eh_frame      0x000000000011baec       0x20 binaries/ethhandler.o
                                         0x38 (size before relaxing)
 .eh_frame      0x000000000011bb0c       0xa0 binaries/ethinit.o
                                         0xb8 (size before relaxing)
 .eh_frame      0x000000000011bbac       0x40 binaries/ethmcast.o
                                         0x58 (size before relaxing)
 .eh_frame      0x000000000011bbec       0x20 binaries/ethread.o
                                         0x38 (size before relaxing)
 .eh_frame      0x000000000011bc0c       0x20 binaries/ethwrite.o
                                         0x38 (size before relaxing)
 .eh_frame      0x000000000011bc2c       0x20 binaries/rdsbufalloc.o
                                         0x38 (size before relaxing)
 .eh_frame      0x000000000011bc4c       0x20 binaries/rdsclose.o
                                         0x38 (size before relaxing)
 .eh_frame      0x000000000011bc6c       0x20 binaries/rdscomm.o
                                         0x38 (size before relaxing)
 .eh_frame      0x000000000011bc8c       0x20 binaries/rdscontrol.o
                                         0x38 (size before relaxing)
 .eh_frame      0x000000000011bcac       0x20 binaries/rdsinit.o
                                         0x38 (size before relaxing)
 .eh_frame      0x000000000011bccc       0x20 binaries/rdsopen.o
                                         0x38 (size before relaxing)
 .eh_frame      0x000000000011bcec       0x1c binaries/rdsprocess.o
                                         0x34 (size before relaxing)
 .eh_frame      0x000000000011bd08       0x20 binaries/rdsread.o
                                         0x38 (size before relaxing)
 .eh_frame      0x000000000011bd28       0x20 binaries/rdswrite.o
                                         0x38 (size before relaxing)
 .eh_frame      0x000000000011bd48       0x20 binaries/ramclose.o
                                         0x38 (size before relaxing)
 .eh_frame      0x000000000011bd68       0x20 binaries/raminit.o
                                         0x38 (size before relaxing)
 .eh_frame      0x000000000011bd88       0x20 binaries/ramopen.o
                                         0x38 (size before relaxing)
 .eh_frame      0x000000000011bda8       0x20 binaries/ramread.o
                                         0x38 (size before relaxing)
 .eh_frame      0x000000000011bdc8       0x20 binaries/ramwrite.o
                                         0x38 (size before relaxing)
 .eh_frame      0x000000000011bde8       0x20 binaries/lfdballoc.o
                                         0x38 (size before relaxing)
 .eh_frame      0x000000000011be08       0x20 binaries/lfdbfree.o
                                         0x38 (size before relaxing)
 .eh_frame      0x000000000011be28       0x20 binaries/lfflush.o
                                         0x38 (size before relaxing)
 .eh_frame      0x000000000011be48       0x20 binaries/lfgetmode.o
                                         0x38 (size before relaxing)
 .eh_frame      0x000000000011be68       0x20 binaries/lfiballoc.o
                                         0x38 (size before relaxing)
 .eh_frame      0x000000000011be88       0x20 binaries/lfibclear.o
                                         0x38 (size before relaxing)
 .eh_frame      0x000000000011bea8       0x20 binaries/lfibget.o
                                         0x38 (size before relaxing)
 .eh_frame      0x000000000011bec8       0x20 binaries/lfibput.o
                                         0x38 (size before relaxing)
 .eh_frame      0x000000000011bee8       0x20 binaries/lflclose.o
                                         0x38 (size before relaxing)
 .eh_frame      0x000000000011bf08       0x20 binaries/lflcontrol.o
                                         0x38 (size before relaxing)
 .eh_frame      0x000000000011bf28       0x20 binaries/lflgetc.o
                                         0x38 (size before relaxing)
 .eh_frame      0x000000000011bf48       0x20 binaries/lflinit.o
                                         0x38 (size before relaxing)
 .eh_frame      0x000000000011bf68       0x20 binaries/lflputc.o
                                         0x38 (size before relaxing)
 .eh_frame      0x000000000011bf88       0x20 binaries/lflread.o
                                         0x38 (size before relaxing)
 .eh_frame      0x000000000011bfa8       0x20 binaries/lflseek.o
                                         0x38 (size before relaxing)
 .eh_frame      0x000000000011bfc8       0x20 binaries/lflwrite.o
                                         0x38 (size before relaxing)
 .eh_frame      0x000000000011bfe8       0x20 binaries/lfscheck.o
                                         0x38 (size before relaxing)
 .eh_frame      0x000000000011c008       0x20 binaries/lfsckfmt.o
                                         0x38 (size before relaxing)
 .eh_frame      0x000000000011c028       0x20 binaries/lfscreate.o
                                         0x38 (size before relaxing)
 .eh_frame      0x000000000011c048       0x20 binaries/lfsetup.o
                                         0x38 (size before relaxing)
 .eh_frame      0x000000000011c068       0x20 binaries/lfsinit.o
                                         0x38 (size before relaxing)
 .eh_frame      0x000000000011c088       0x20 binaries/lfsopen.o
                                         0x38 (size before relaxing)
 .eh_frame      0x000000000011c0a8       0x20 binaries/lftruncate.o
                                         0x38 (size before relaxing)
 .eh_frame      0x000000000011c0c8       0x20 binaries/rflclose.o
                                         0x38 (size before relaxing)
 .eh_frame      0x000000000011c0e8       0x20 binaries/rflgetc.o
                                         0x38 (size before relaxing)
 .eh_frame      0x000000000011c108       0x20 binaries/rflinit.o
                                         0x38 (size before relaxing)
 .eh_frame      0x000000000011c128       0x20 binaries/rflputc.o
                                         0x38 (size before relaxing)
 .eh_frame      0x000000000011c148       0x20 binaries/rflread.o
                                         0x38 (size before relaxing)
 .eh_frame      0x000000000011c168       0x20 binaries/rflseek.o
                                         0x38 (size before relaxing)
 .eh_frame      0x000000000011c188       0x20 binaries/rflwrite.o
                                         0x38 (size before relaxing)
 .eh_frame      0x000000000011c1a8       0x20 binaries/rfscomm.o
                                         0x38 (size before relaxing)
 .eh_frame      0x000000000011c1c8       0x20 binaries/rfscontrol.o
                                         0x38 (size before relaxing)
 .eh_frame      0x000000000011c1e8       0x20 binaries/rfsgetmode.o
                                         0x38 (size before relaxing)
 .eh_frame      0x000000000011c208       0x20 binaries/rfsinit.o
                                         0x38 (size before relaxing)
 .eh_frame      0x000000000011c228       0x20 binaries/rfsndmsg.o
                                         0x38 (size before relaxing)
 .eh_frame      0x000000000011c248       0x20 binaries/rfsopen.o
                                         0x38 (size before relaxing)
 .eh_frame      0x000000000011c268       0xc0 binaries/arp.o
                                         0xd8 (size before relaxing)
 .eh_frame      0x000000000011c328       0xa0 binaries/dhcp.o
                                         0xb8 (size before relaxing)
 .eh_frame      0x000000000011c3c8       0x80 binaries/dns.o
                                         0x98 (size before relaxing)
 .eh_frame      0x000000000011c448       0x20 binaries/dot2ip.o
                                         0x38 (size before relaxing)
 .eh_frame      0x000000000011c468       0x40 binaries/hexdump.o
                                         0x58 (size before relaxing)
 .eh_frame      0x000000000011c4a8      0x150 binaries/icmp.o
                                        0x168 (size before relaxing)
 .eh_frame      0x000000000011c5f8      0x11c binaries/ip.o
                                        0x134 (size before relaxing)
 .eh_frame      0x000000000011c714       0xa0 binaries/net.o
                                         0xb8 (size before relaxing)
 .eh_frame      0x000000000011c7b4       0x60 binaries/pdump.o
                                         0x78 (size before relaxing)
 .eh_frame      0x000000000011c814       0x4c binaries/tftp.o
                                         0x64 (size before relaxing)
 .eh_frame      0x000000000011c860      0x140 binaries/udp.o
                                        0x158 (size before relaxing)
 .eh_frame      0x000000000011c9a0       0x20 binaries/addargs.o
                                         0x38 (size before relaxing)
 .eh_frame      0x000000000011c9c0       0x20 binaries/lexan.o
                                         0x38 (size before relaxing)
 .eh_frame      0x000000000011c9e0       0x20 binaries/shell.o
                                         0x38 (size before relaxing)
 .eh_frame      0x000000000011ca00       0x20 binaries/xsh_argecho.o
                                         0x38 (size before relaxing)
 .eh_frame      0x000000000011ca20       0x40 binaries/xsh_arp.o
                                         0x58 (size before relaxing)
 .eh_frame      0x000000000011ca60       0x20 binaries/xsh_cat.o
                                         0x38 (size before relaxing)
 .eh_frame      0x000000000011ca80       0x20 binaries/xsh_clear.o
                                         0x38 (size before relaxing)
 .eh_frame      0x000000000011caa0       0x20 binaries/xsh_date.o
                                         0x38 (size before relaxing)
 .eh_frame      0x000000000011cac0       0x20 binaries/xsh_devdump.o
                                         0x38 (size before relaxing)
 .eh_frame      0x000000000011cae0       0x20 binaries/xsh_echo.o
                                         0x38 (size before relaxing)
 .eh_frame      0x000000000011cb00       0x20 binaries/xsh_exit.o
                                         0x38 (size before relaxing)
 .eh_frame      0x000000000011cb20       0x2c binaries/xsh_help.o
                                         0x44 (size before relaxing)
 .eh_frame      0x000000000011cb4c       0x20 binaries/xsh_kill.o
                                         0x38 (size before relaxing)
 .eh_frame      0x000000000011cb6c       0x40 binaries/xsh_memdump.o
                                         0x58 (size before relaxing)
 .eh_frame      0x000000000011cbac       0x60 binaries/xsh_memstat.o
                                         0x78 (size before relaxing)
 .eh_frame      0x000000000011cc0c       0x30 binaries/xsh_netinfo.o
                                         0x48 (size before relaxing)
 .eh_frame      0x000000000011cc3c       0x28 binaries/xsh_ping.o
                                         0x40 (size before relaxing)
 .eh_frame      0x000000000011cc64       0x30 binaries/xsh_ps.o
                                         0x48 (size before relaxing)
 .eh_frame      0x000000000011cc94       0x20 binaries/xsh_sleep.o
                                         0x38 (size before relaxing)
 .eh_frame      0x000000000011ccb4       0x20 binaries/xsh_udpdump.o
                                         0x38 (size before relaxing)
 .eh_frame      0x000000000011ccd4       0x30 binaries/xsh_udpecho.o
                                         0x48 (size before relaxing)
 .eh_frame      0x000000000011cd04       0x28 binaries/xsh_udpserver.o
                                         0x40 (size before relaxing)
 .eh_frame      0x000000000011cd2c       0x20 binaries/xsh_uptime.o
                                         0x38 (size before relaxing)

.iplt           0x000000000011cd4c        0x0
 .iplt          0x000000000011cd4c        0x0 binaries/start.o

.rel.dyn        0x000000000011cd4c        0x0
 .rel.got       0x000000000011cd4c        0x0 binaries/start.o
 .rel.iplt      0x000000000011cd4c        0x0 binaries/start.o
 .rel.text      0x000000000011cd4c        0x0 binaries/start.o

.data           0x000000000011cd60     0x12a0
                0x000000000011cd60                data = ABSOLUTE (.)
 *(.data .data.*)
 .data          0x000000000011cd60      0x83a binaries/start.o
                0x000000000011cd60                gdt
                0x000000000011cd90                idt
                0x000000000011d596                cpudelay
 *fill*         0x000000000011d59a        0x6 
 .data          0x000000000011d5a0       0x88 binaries/ascdate.o
                0x000000000011d5a0                Date
 .data          0x000000000011d628        0x0 binaries/bufinit.o
 .data          0x000000000011d628        0x0 binaries/chprio.o
 .data          0x000000000011d628        0x0 binaries/clkdetour.o
 .data          0x000000000011d628        0x4 binaries/clkhandler.o
 .data          0x000000000011d62c        0x0 binaries/clkinit.o
 .data          0x000000000011d62c        0x0 binaries/close.o
 *fill*         0x000000000011d62c       0x14 
 .data          0x000000000011d640      0x5a0 binaries/conf.o
                0x000000000011d640                devtab
 .data          0x000000000011dbe0        0x0 binaries/control.o
 .data          0x000000000011dbe0        0x4 binaries/create.o
 .data          0x000000000011dbe4        0x0 binaries/early_imr.o
 *fill*         0x000000000011dbe4       0x1c 
 .data          0x000000000011dc00       0x40 binaries/evec.o
                0x000000000011dc00                inames
 .data          0x000000000011dc40        0x0 binaries/exit.o
 .data          0x000000000011dc40        0x0 binaries/freebuf.o
 .data          0x000000000011dc40        0x0 binaries/freemem.o
 .data          0x000000000011dc40        0x0 binaries/getbuf.o
 .data          0x000000000011dc40        0x0 binaries/getc.o
 .data          0x000000000011dc40        0x0 binaries/getdev.o
 .data          0x000000000011dc40        0x0 binaries/getitem.o
 .data          0x000000000011dc40        0x0 binaries/getmem.o
 .data          0x000000000011dc40        0x0 binaries/getpid.o
 .data          0x000000000011dc40        0x0 binaries/getprio.o
 .data          0x000000000011dc40        0x0 binaries/getstk.o
 .data          0x000000000011dc40        0x0 binaries/getticks.o
 .data          0x000000000011dc40        0x0 binaries/gettime.o
 .data          0x000000000011dc40        0x0 binaries/getutime.o
 .data          0x000000000011dc40        0x0 binaries/init.o
[...]
 .comment       0x0000000000000023       0x24 binaries/xsh_argecho.o
 .comment       0x0000000000000023       0x24 binaries/xsh_arp.o
 .comment       0x0000000000000023       0x24 binaries/xsh_cat.o
 .comment       0x0000000000000023       0x24 binaries/xsh_clear.o
 .comment       0x0000000000000023       0x24 binaries/xsh_date.o
 .comment       0x0000000000000023       0x24 binaries/xsh_devdump.o
 .comment       0x0000000000000023       0x24 binaries/xsh_echo.o
 .comment       0x0000000000000023       0x24 binaries/xsh_exit.o
 .comment       0x0000000000000023       0x24 binaries/xsh_help.o
 .comment       0x0000000000000023       0x24 binaries/xsh_kill.o
 .comment       0x0000000000000023       0x24 binaries/xsh_memdump.o
 .comment       0x0000000000000023       0x24 binaries/xsh_memstat.o
 .comment       0x0000000000000023       0x24 binaries/xsh_netinfo.o
 .comment       0x0000000000000023       0x24 binaries/xsh_ping.o
 .comment       0x0000000000000023       0x24 binaries/xsh_ps.o
 .comment       0x0000000000000023       0x24 binaries/xsh_sleep.o
 .comment       0x0000000000000023       0x24 binaries/xsh_udpdump.o
 .comment       0x0000000000000023       0x24 binaries/xsh_udpecho.o
 .comment       0x0000000000000023       0x24 binaries/xsh_udpserver.o
 .comment       0x0000000000000023       0x24 binaries/xsh_uptime.o

.note.GNU-stack
                0x0000000000000000        0x0
 .note.GNU-stack
                0x0000000000000000        0x0 binaries/ascdate.o
 .note.GNU-stack
                0x0000000000000000        0x0 binaries/bufinit.o
 .note.GNU-stack
                0x0000000000000000        0x0 binaries/chprio.o
 .note.GNU-stack
                0x0000000000000000        0x0 binaries/clkdetour.o
 .note.GNU-stack
                0x0000000000000000        0x0 binaries/clkhandler.o
 .note.GNU-stack
                0x0000000000000000        0x0 binaries/clkinit.o
 .note.GNU-stack
                0x0000000000000000        0x0 binaries/close.o
 .note.GNU-stack
                0x0000000000000000        0x0 binaries/conf.o
 .note.GNU-stack
                0x0000000000000000        0x0 binaries/control.o
 .note.GNU-stack
                0x0000000000000000        0x0 binaries/create.o
 .note.GNU-stack
                0x0000000000000000        0x0 binaries/early_imr.o
 .note.GNU-stack
                0x0000000000000000        0x0 binaries/evec.o
 .note.GNU-stack
                0x0000000000000000        0x0 binaries/exit.o
 .note.GNU-stack
                0x0000000000000000        0x0 binaries/freebuf.o
 .note.GNU-stack
                0x0000000000000000        0x0 binaries/freemem.o
 .note.GNU-stack
                0x0000000000000000        0x0 binaries/getbuf.o
 .note.GNU-stack
                0x0000000000000000        0x0 binaries/getc.o
 .note.GNU-stack
                0x0000000000000000        0x0 binaries/getdev.o
 .note.GNU-stack
                0x0000000000000000        0x0 binaries/getitem.o
 .note.GNU-stack
                0x0000000000000000        0x0 binaries/getmem.o
 .note.GNU-stack
                0x0000000000000000        0x0 binaries/getpid.o
 .note.GNU-stack
                0x0000000000000000        0x0 binaries/getprio.o
 .note.GNU-stack
                0x0000000000000000        0x0 binaries/getstk.o
 .note.GNU-stack
                0x0000000000000000        0x0 binaries/getticks.o
 .note.GNU-stack
                0x0000000000000000        0x0 binaries/gettime.o
 .note.GNU-stack
                0x0000000000000000        0x0 binaries/getutime.o
 .note.GNU-stack
                0x0000000000000000        0x0 binaries/init.o
 .note.GNU-stack
                0x0000000000000000        0x0 binaries/initialize.o
 .note.GNU-stack
                0x0000000000000000        0x0 binaries/insert.o
 .note.GNU-stack
                0x0000000000000000        0x0 binaries/insertd.o
 .note.GNU-stack
                0x0000000000000000        0x0 binaries/ioerr.o
 .note.GNU-stack
                0x0000000000000000        0x0 binaries/ionull.o
 .note.GNU-stack
                0x0000000000000000        0x0 binaries/kheapextract.o
 .note.GNU-stack
                0x0000000000000000        0x0 binaries/kheapflag.o
 .note.GNU-stack
                0x0000000000000000        0x0 binaries/kheapinsert.o
 .note.GNU-stack
                0x0000000000000000        0x0 binaries/kill.o
 .note.GNU-stack
                0x0000000000000000        0x0 binaries/kprintf.o
 .note.GNU-stack
                0x0000000000000000        0x0 binaries/main.o
 .note.GNU-stack
                0x0000000000000000        0x0 binaries/mark.o
 .note.GNU-stack
                0x0000000000000000        0x0 binaries/meminit.o
 .note.GNU-stack
                0x0000000000000000        0x0 binaries/mkbufpool.o
 .note.GNU-stack
                0x0000000000000000        0x0 binaries/newqueue.o
 .note.GNU-stack
                0x0000000000000000        0x0 binaries/open.o
 .note.GNU-stack
                0x0000000000000000        0x0 binaries/panic.o
 .note.GNU-stack
                0x0000000000000000        0x0 binaries/pci.o
 .note.GNU-stack
                0x0000000000000000        0x0 binaries/platinit.o
 .note.GNU-stack
                0x0000000000000000        0x0 binaries/ptclear.o
 .note.GNU-stack
                0x0000000000000000        0x0 binaries/ptcount.o
 .note.GNU-stack
                0x0000000000000000        0x0 binaries/ptcreate.o
 .note.GNU-stack
                0x0000000000000000        0x0 binaries/ptdelete.o
 .note.GNU-stack
                0x0000000000000000        0x0 binaries/ptinit.o
 .note.GNU-stack
                0x0000000000000000        0x0 binaries/ptrecv.o
 .note.GNU-stack
                0x0000000000000000        0x0 binaries/ptreset.o
 .note.GNU-stack
                0x0000000000000000        0x0 binaries/ptsend.o
 .note.GNU-stack
                0x0000000000000000        0x0 binaries/putc.o
 .note.GNU-stack
                0x0000000000000000        0x0 binaries/quark_irq.o
 .note.GNU-stack
                0x0000000000000000        0x0 binaries/quark_pdat.o
 .note.GNU-stack
                0x0000000000000000        0x0 binaries/queue.o
 .note.GNU-stack
                0x0000000000000000        0x0 binaries/read.o
 .note.GNU-stack
                0x0000000000000000        0x0 binaries/ready.o
 .note.GNU-stack
                0x0000000000000000        0x0 binaries/receive.o
 .note.GNU-stack
                0x0000000000000000        0x0 binaries/recvclr.o
 .note.GNU-stack
                0x0000000000000000        0x0 binaries/recvtime.o
 .note.GNU-stack
                0x0000000000000000        0x0 binaries/resched.o
 .note.GNU-stack
                0x0000000000000000        0x0 binaries/resume.o
 .note.GNU-stack
                0x0000000000000000        0x0 binaries/seek.o
 .note.GNU-stack
                0x0000000000000000        0x0 binaries/semcount.o
 .note.GNU-stack
                0x0000000000000000        0x0 binaries/semcreate.o
 .note.GNU-stack
                0x0000000000000000        0x0 binaries/semdelete.o
 .note.GNU-stack
                0x0000000000000000        0x0 binaries/semreset.o
 .note.GNU-stack
                0x0000000000000000        0x0 binaries/send.o
 .note.GNU-stack
                0x0000000000000000        0x0 binaries/signal.o
 .note.GNU-stack
                0x0000000000000000        0x0 binaries/signaln.o
 .note.GNU-stack
                0x0000000000000000        0x0 binaries/sleep.o
 .note.GNU-stack
                0x0000000000000000        0x0 binaries/stacktrace.o
 .note.GNU-stack
                0x0000000000000000        0x0 binaries/suspend.o
 .note.GNU-stack
                0x0000000000000000        0x0 binaries/unsleep.o
 .note.GNU-stack
                0x0000000000000000        0x0 binaries/userret.o
 .note.GNU-stack
                0x0000000000000000        0x0 binaries/wait.o
 .note.GNU-stack
                0x0000000000000000        0x0 binaries/wakeup.o
 .note.GNU-stack
                0x0000000000000000        0x0 binaries/write.o
 .note.GNU-stack
                0x0000000000000000        0x0 binaries/xalrmreg.o
 .note.GNU-stack
                0x0000000000000000        0x0 binaries/xalrmset.o
 .note.GNU-stack
                0x0000000000000000        0x0 binaries/xdone.o
 .note.GNU-stack
                0x0000000000000000        0x0 binaries/xinualarm.o
 .note.GNU-stack
                0x0000000000000000        0x0 binaries/yield.o
 .note.GNU-stack
                0x0000000000000000        0x0 binaries/abs.o
 .note.GNU-stack
                0x0000000000000000        0x0 binaries/atoi.o
 .note.GNU-stack
                0x0000000000000000        0x0 binaries/atol.o
 .note.GNU-stack
                0x0000000000000000        0x0 binaries/bzero.o
 .note.GNU-stack
                0x0000000000000000        0x0 binaries/ctype_.o
 .note.GNU-stack
                0x0000000000000000        0x0 binaries/doprnt.o
 .note.GNU-stack
                0x0000000000000000        0x0 binaries/doscan.o
 .note.GNU-stack
                0x0000000000000000        0x0 binaries/fdoprnt.o
 .note.GNU-stack
                0x0000000000000000        0x0 binaries/fgetc.o
 .note.GNU-stack
                0x0000000000000000        0x0 binaries/fgets.o
 .note.GNU-stack
                0x0000000000000000        0x0 binaries/fprintf.o
 .note.GNU-stack
                0x0000000000000000        0x0 binaries/fputc.o
 .note.GNU-stack
                0x0000000000000000        0x0 binaries/fputs.o
 .note.GNU-stack
                0x0000000000000000        0x0 binaries/fscanf.o
 .note.GNU-stack
                0x0000000000000000        0x0 binaries/getchar.o
 .note.GNU-stack
                0x0000000000000000        0x0 binaries/labs.o
 .note.GNU-stack
                0x0000000000000000        0x0 binaries/memchr.o
 .note.GNU-stack
                0x0000000000000000        0x0 binaries/memcmp.o
 .note.GNU-stack
                0x0000000000000000        0x0 binaries/memcpy.o
 .note.GNU-stack
                0x0000000000000000        0x0 binaries/memset.o
 .note.GNU-stack
                0x0000000000000000        0x0 binaries/printf.o
 .note.GNU-stack
                0x0000000000000000        0x0 binaries/putchar.o
 .note.GNU-stack
                0x0000000000000000        0x0 binaries/qsort.o
 .note.GNU-stack
                0x0000000000000000        0x0 binaries/rand.o
 .note.GNU-stack
                0x0000000000000000        0x0 binaries/sprintf.o
 .note.GNU-stack
                0x0000000000000000        0x0 binaries/sscanf.o
 .note.GNU-stack
                0x0000000000000000        0x0 binaries/strchr.o
 .note.GNU-stack
                0x0000000000000000        0x0 binaries/strcmp.o
 .note.GNU-stack
                0x0000000000000000        0x0 binaries/strcpy.o
 .note.GNU-stack
                0x0000000000000000        0x0 binaries/strlen.o
 .note.GNU-stack
                0x0000000000000000        0x0 binaries/strncat.o
 .note.GNU-stack
                0x0000000000000000        0x0 binaries/strncmp.o
 .note.GNU-stack
                0x0000000000000000        0x0 binaries/strncpy.o
 .note.GNU-stack
                0x0000000000000000        0x0 binaries/strnlen.o
 .note.GNU-stack
                0x0000000000000000        0x0 binaries/strrchr.o
 .note.GNU-stack
                0x0000000000000000        0x0 binaries/strstr.o
 .note.GNU-stack
                0x0000000000000000        0x0 binaries/ttycontrol.o
 .note.GNU-stack
                0x0000000000000000        0x0 binaries/ttygetc.o
 .note.GNU-stack
                0x0000000000000000        0x0 binaries/ttyhandle_in.o
 .note.GNU-stack
                0x0000000000000000        0x0 binaries/ttyhandle_out.o
 .note.GNU-stack
                0x0000000000000000        0x0 binaries/ttyhandler.o
 .note.GNU-stack
                0x0000000000000000        0x0 binaries/ttyinit.o
 .note.GNU-stack
                0x0000000000000000        0x0 binaries/ttykickout.o
 .note.GNU-stack
                0x0000000000000000        0x0 binaries/ttyputc.o
 .note.GNU-stack
                0x0000000000000000        0x0 binaries/ttyread.o
 .note.GNU-stack
                0x0000000000000000        0x0 binaries/ttywrite.o
 .note.GNU-stack
                0x0000000000000000        0x0 binaries/mount.o
 .note.GNU-stack
                0x0000000000000000        0x0 binaries/naminit.o
 .note.GNU-stack
                0x0000000000000000        0x0 binaries/nammap.o
 .note.GNU-stack
                0x0000000000000000        0x0 binaries/namopen.o
 .note.GNU-stack
                0x0000000000000000        0x0 binaries/ethcontrol.o
 .note.GNU-stack
                0x0000000000000000        0x0 binaries/ethhandler.o
 .note.GNU-stack
                0x0000000000000000        0x0 binaries/ethinit.o
 .note.GNU-stack
                0x0000000000000000        0x0 binaries/ethmcast.o
 .note.GNU-stack
                0x0000000000000000        0x0 binaries/ethread.o
 .note.GNU-stack
                0x0000000000000000        0x0 binaries/ethwrite.o
 .note.GNU-stack
                0x0000000000000000        0x0 binaries/rdsbufalloc.o
 .note.GNU-stack
                0x0000000000000000        0x0 binaries/rdsclose.o
 .note.GNU-stack
                0x0000000000000000        0x0 binaries/rdscomm.o
 .note.GNU-stack
                0x0000000000000000        0x0 binaries/rdscontrol.o
 .note.GNU-stack
                0x0000000000000000        0x0 binaries/rdsinit.o
 .note.GNU-stack
                0x0000000000000000        0x0 binaries/rdsopen.o
 .note.GNU-stack
                0x0000000000000000        0x0 binaries/rdsprocess.o
 .note.GNU-stack
                0x0000000000000000        0x0 binaries/rdsread.o
 .note.GNU-stack
                0x0000000000000000        0x0 binaries/rdswrite.o
 .note.GNU-stack
                0x0000000000000000        0x0 binaries/ramclose.o
 .note.GNU-stack
                0x0000000000000000        0x0 binaries/raminit.o
 .note.GNU-stack
                0x0000000000000000        0x0 binaries/ramopen.o
 .note.GNU-stack
                0x0000000000000000        0x0 binaries/ramread.o
 .note.GNU-stack
                0x0000000000000000        0x0 binaries/ramwrite.o
 .note.GNU-stack
                0x0000000000000000        0x0 binaries/lfdballoc.o
 .note.GNU-stack
                0x0000000000000000        0x0 binaries/lfdbfree.o
 .note.GNU-stack
                0x0000000000000000        0x0 binaries/lfflush.o
 .note.GNU-stack
                0x0000000000000000        0x0 binaries/lfgetmode.o
 .note.GNU-stack
                0x0000000000000000        0x0 binaries/lfiballoc.o
 .note.GNU-stack
                0x0000000000000000        0x0 binaries/lfibclear.o
 .note.GNU-stack
                0x0000000000000000        0x0 binaries/lfibget.o
 .note.GNU-stack
                0x0000000000000000        0x0 binaries/lfibput.o
 .note.GNU-stack
                0x0000000000000000        0x0 binaries/lflclose.o
 .note.GNU-stack
                0x0000000000000000        0x0 binaries/lflcontrol.o
 .note.GNU-stack
                0x0000000000000000        0x0 binaries/lflgetc.o
 .note.GNU-stack
                0x0000000000000000        0x0 binaries/lflinit.o
 .note.GNU-stack
                0x0000000000000000        0x0 binaries/lflputc.o
 .note.GNU-stack
                0x0000000000000000        0x0 binaries/lflread.o
 .note.GNU-stack
                0x0000000000000000        0x0 binaries/lflseek.o
 .note.GNU-stack
                0x0000000000000000        0x0 binaries/lflwrite.o
 .note.GNU-stack
                0x0000000000000000        0x0 binaries/lfscheck.o
 .note.GNU-stack
                0x0000000000000000        0x0 binaries/lfsckfmt.o
 .note.GNU-stack
                0x0000000000000000        0x0 binaries/lfscreate.o
 .note.GNU-stack
                0x0000000000000000        0x0 binaries/lfsetup.o
 .note.GNU-stack
                0x0000000000000000        0x0 binaries/lfsinit.o
 .note.GNU-stack
                0x0000000000000000        0x0 binaries/lfsopen.o
 .note.GNU-stack
                0x0000000000000000        0x0 binaries/lftruncate.o
 .note.GNU-stack
                0x0000000000000000        0x0 binaries/rflclose.o
 .note.GNU-stack
                0x0000000000000000        0x0 binaries/rflgetc.o
 .note.GNU-stack
                0x0000000000000000        0x0 binaries/rflinit.o
 .note.GNU-stack
                0x0000000000000000        0x0 binaries/rflputc.o
 .note.GNU-stack
                0x0000000000000000        0x0 binaries/rflread.o
 .note.GNU-stack
                0x0000000000000000        0x0 binaries/rflseek.o
 .note.GNU-stack
                0x0000000000000000        0x0 binaries/rflwrite.o
 .note.GNU-stack
                0x0000000000000000        0x0 binaries/rfscomm.o
 .note.GNU-stack
                0x0000000000000000        0x0 binaries/rfscontrol.o
 .note.GNU-stack
                0x0000000000000000        0x0 binaries/rfsgetmode.o
 .note.GNU-stack
                0x0000000000000000        0x0 binaries/rfsinit.o
 .note.GNU-stack
                0x0000000000000000        0x0 binaries/rfsndmsg.o
 .note.GNU-stack
                0x0000000000000000        0x0 binaries/rfsopen.o
 .note.GNU-stack
                0x0000000000000000        0x0 binaries/arp.o
 .note.GNU-stack
                0x0000000000000000        0x0 binaries/dhcp.o
 .note.GNU-stack
                0x0000000000000000        0x0 binaries/dns.o
 .note.GNU-stack
                0x0000000000000000        0x0 binaries/dot2ip.o
 .note.GNU-stack
                0x0000000000000000        0x0 binaries/hexdump.o
 .note.GNU-stack
                0x0000000000000000        0x0 binaries/icmp.o
 .note.GNU-stack
                0x0000000000000000        0x0 binaries/ip.o
 .note.GNU-stack
                0x0000000000000000        0x0 binaries/net.o
 .note.GNU-stack
                0x0000000000000000        0x0 binaries/pdump.o
 .note.GNU-stack
                0x0000000000000000        0x0 binaries/tftp.o
 .note.GNU-stack
                0x0000000000000000        0x0 binaries/udp.o
 .note.GNU-stack
                0x0000000000000000        0x0 binaries/addargs.o
 .note.GNU-stack
                0x0000000000000000        0x0 binaries/lexan.o
 .note.GNU-stack
                0x0000000000000000        0x0 binaries/shell.o
 .note.GNU-stack
                0x0000000000000000        0x0 binaries/xsh_argecho.o
 .note.GNU-stack
                0x0000000000000000        0x0 binaries/xsh_arp.o
 .note.GNU-stack
                0x0000000000000000        0x0 binaries/xsh_cat.o
 .note.GNU-stack
                0x0000000000000000        0x0 binaries/xsh_clear.o
 .note.GNU-stack
                0x0000000000000000        0x0 binaries/xsh_date.o
 .note.GNU-stack
                0x0000000000000000        0x0 binaries/xsh_devdump.o
 .note.GNU-stack
                0x0000000000000000        0x0 binaries/xsh_echo.o
 .note.GNU-stack
                0x0000000000000000        0x0 binaries/xsh_exit.o
 .note.GNU-stack
                0x0000000000000000        0x0 binaries/xsh_help.o
 .note.GNU-stack
                0x0000000000000000        0x0 binaries/xsh_kill.o
 .note.GNU-stack
                0x0000000000000000        0x0 binaries/xsh_memdump.o
 .note.GNU-stack
                0x0000000000000000        0x0 binaries/xsh_memstat.o
 .note.GNU-stack
                0x0000000000000000        0x0 binaries/xsh_netinfo.o
 .note.GNU-stack
                0x0000000000000000        0x0 binaries/xsh_ping.o
 .note.GNU-stack
                0x0000000000000000        0x0 binaries/xsh_ps.o
 .note.GNU-stack
                0x0000000000000000        0x0 binaries/xsh_sleep.o
 .note.GNU-stack
                0x0000000000000000        0x0 binaries/xsh_udpdump.o
 .note.GNU-stack
                0x0000000000000000        0x0 binaries/xsh_udpecho.o
 .note.GNU-stack
                0x0000000000000000        0x0 binaries/xsh_udpserver.o
 .note.GNU-stack
                0x0000000000000000        0x0 binaries/xsh_uptime.o
